ARM Linker, 5.03 [Build 76] [MDK-ARM Standard]

==============================================================================

Section Cross References

    os_core.o(.text) refers to os_cpu_a.o(OSKernelschedular) for OS_CPU_SR_Save
    os_core.o(.text) refers to os_core.o(.data) for OSIntNesting
    os_core.o(.text) refers to os_core.o(.constdata) for OSUnMapTbl
    os_core.o(.text) refers to os_core.o(.bss) for OSTCBPrioTbl
    os_core.o(.text) refers to os_task.o(.text) for OSTaskStkChk
    os_core.o(.text) refers to os_time.o(.text) for OSTimeDly
    os_core.o(.text) refers to os_cpu_c.o(.text) for OSTaskStatHook
    os_core.o(.text) refers to os_flag.o(.text) for OS_FlagInit
    os_core.o(.text) refers to os_mem.o(.text) for OS_MemInit
    os_core.o(.text) refers to os_q.o(.text) for OS_QInit
    os_core.o(.text) refers to os_tmr.o(.text) for OSTmr_Init
    os_core.o(.text) refers to os_dbg.o(.text) for OSDebugInit
    os_flag.o(.text) refers to os_cpu_a.o(OSKernelschedular) for OS_CPU_SR_Save
    os_flag.o(.text) refers to os_core.o(.text) for OS_Sched
    os_flag.o(.text) refers to os_core.o(.data) for OSIntNesting
    os_flag.o(.text) refers to os_core.o(.bss) for OSFlagTbl
    os_mbox.o(.text) refers to os_cpu_a.o(OSKernelschedular) for OS_CPU_SR_Save
    os_mbox.o(.text) refers to os_core.o(.text) for OS_EventWaitListInit
    os_mbox.o(.text) refers to os_core.o(.data) for OSIntNesting
    os_mem.o(.text) refers to os_cpu_a.o(OSKernelschedular) for OS_CPU_SR_Save
    os_mem.o(.text) refers to os_core.o(.text) for OS_StrLen
    os_mem.o(.text) refers to os_core.o(.data) for OSMemFreeList
    os_mem.o(.text) refers to os_core.o(.bss) for OSMemTbl
    os_mutex.o(.text) refers to os_cpu_a.o(OSKernelschedular) for OS_CPU_SR_Save
    os_mutex.o(.text) refers to os_core.o(.text) for OS_EventWaitListInit
    os_mutex.o(.text) refers to os_core.o(.data) for OSIntNesting
    os_mutex.o(.text) refers to os_core.o(.bss) for OSTCBPrioTbl
    os_q.o(.text) refers to os_cpu_a.o(OSKernelschedular) for OS_CPU_SR_Save
    os_q.o(.text) refers to os_core.o(.text) for OS_EventWaitListInit
    os_q.o(.text) refers to os_core.o(.data) for OSIntNesting
    os_q.o(.text) refers to os_core.o(.bss) for OSQTbl
    os_sem.o(.text) refers to os_cpu_a.o(OSKernelschedular) for OS_CPU_SR_Save
    os_sem.o(.text) refers to os_core.o(.text) for OS_EventWaitListInit
    os_sem.o(.text) refers to os_core.o(.data) for OSIntNesting
    os_task.o(.text) refers to os_cpu_a.o(OSKernelschedular) for OS_CPU_SR_Save
    os_task.o(.text) refers to os_core.o(.text) for OS_Sched
    os_task.o(.text) refers to os_cpu_c.o(.text) for OSTaskStkInit
    os_task.o(.text) refers to os_flag.o(.text) for OS_FlagUnlink
    os_task.o(.text) refers to os_core.o(.bss) for OSTCBPrioTbl
    os_task.o(.text) refers to os_core.o(.data) for OSTCBCur
    os_time.o(.text) refers to os_cpu_a.o(OSKernelschedular) for OS_CPU_SR_Save
    os_time.o(.text) refers to os_core.o(.text) for OS_Sched
    os_time.o(.text) refers to os_core.o(.data) for OSIntNesting
    os_time.o(.text) refers to os_core.o(.bss) for OSTCBPrioTbl
    os_tmr.o(.text) refers to os_core.o(.text) for OSSchedLock
    os_tmr.o(.text) refers to os_core.o(.data) for OSTmrFreeList
    os_tmr.o(.text) refers to os_core.o(.bss) for OSTmrWheelTbl
    os_tmr.o(.text) refers to os_sem.o(.text) for OSSemPost
    os_tmr.o(.text) refers to os_task.o(.text) for OSTaskCreateExt
    os_dbg.o(.text) refers to os_dbg.o(.constdata) for OSDebugEn
    os_dbg.o(.text) refers to os_core.o(.bss) for OSTmrTbl
    os_cpu_a.o(OSKernelschedular) refers to os_core.o(.data) for OSRunning
    os_cpu_c.o(.text) refers to app_hooks.o(.text) for App_TaskCreateHook
    os_cpu_c.o(.text) refers to os_tmr.o(.text) for OSTmrSignal
    os_cpu_c.o(.text) refers to tmp.o(.text) for HoldTask
    os_cpu_c.o(.text) refers to os_cpu_a.o(OSKernelschedular) for OS_CPU_SR_Save
    os_cpu_c.o(.text) refers to os_core.o(.text) for OSTimeTick
    os_cpu_c.o(.text) refers to os_cpu_c.o(.bss) for OS_CPU_ExceptStk
    os_cpu_c.o(.text) refers to os_cpu_c.o(.data) for OS_CPU_ExceptStkBase
    os_cpu_c.o(.text) refers to os_task.o(.text) for OS_TaskReturn
    os_cpu_c.o(.text) refers to os_core.o(.data) for OSIntNesting
    app.o(.text) refers to tmp.o(.text) for DisplayDipVal
    app.o(.text) refers to dipcomoperate.o(.text) for Diptask
    app.o(.text) refers to framstore.o(.text) for GetSysRunPara
    app.o(.text) refers to gpio_app.o(.text) for GetSysTime
    app.o(.text) refers to debug_frmwrk.o(.text) for printfcom0
    app.o(.text) refers to locoworksta.o(.text) for GetMyLocoWorkState
    app.o(.text) refers to mstcsspeed.o(.text) for GetMyEngRotSpd
    app.o(.text) refers to speed2.o(.text) for GetMySpeed2
    app.o(.text) refers to speed1.o(.text) for GetMySpeed1
    app.o(.text) refers to getdipprs.o(.text) for GetMyDip2Tmp
    app.o(.text) refers to system_lpc17xx.o(.text) for SystemInit
[...]
    WritePOW_IC                              0x0000e275   Thumb Code    34  card.o(.text)
    WriteCS_IC                               0x0000e297   Thumb Code    42  card.o(.text)
    WriteIC_RST                              0x0000e2c1   Thumb Code    34  card.o(.text)
    WriteIC_SWT                              0x0000e2e3   Thumb Code    26  card.o(.text)
    ReadIC_SWT                               0x0000e2fd   Thumb Code    18  card.o(.text)
    StatusRegisterRead_Card                  0x0000e30f   Thumb Code    42  card.o(.text)
    InitCardInfo                             0x0000e339   Thumb Code   160  card.o(.text)
    GetCardPageSize                          0x0000e3d9   Thumb Code     6  card.o(.text)
    ContinuousArrayRead_Card                 0x0000e3df   Thumb Code   246  card.o(.text)
    MainMemoryToBuff                         0x0000e4d5   Thumb Code   210  card.o(.text)
    BufferRead_Card                          0x0000e5a7   Thumb Code   140  card.o(.text)
    BufferWrite_Card                         0x0000e633   Thumb Code    92  card.o(.text)
    BufferToMainMemoryPageProgramWithBuilt_inErase_Card 0x0000e68f   Thumb Code   216  card.o(.text)
    ReadCard                                 0x0000e767   Thumb Code   206  card.o(.text)
    WriteCardPage                            0x0000e835   Thumb Code   178  card.o(.text)
    WriteCard                                0x0000e8e7   Thumb Code   240  card.o(.text)
    GetToEndLen                              0x0000e9d7   Thumb Code    22  card.o(.text)
    PlugCard                                 0x0000e9ed   Thumb Code    80  card.o(.text)
    HoldCard                                 0x0000ea3d   Thumb Code     8  card.o(.text)
    GetPlugTime                              0x0000ea45   Thumb Code     6  card.o(.text)
    GetPlugFlg                               0x0000ea4b   Thumb Code    28  card.o(.text)
    ResetPlugFlgEvt                          0x0000ea67   Thumb Code     2  card.o(.text)
    LongTimePlugCard                         0x0000ea69   Thumb Code    32  card.o(.text)
    GetLongTimePlugCardErrFlg                0x0000ea89   Thumb Code     6  card.o(.text)
    PlugICCard                               0x0000ea8f   Thumb Code   136  card.o(.text)
    GetCardErrorFlg                          0x0000eb17   Thumb Code     6  card.o(.text)
    JudgeCardError                           0x0000eb1d   Thumb Code    20  card.o(.text)
    GetWritePageLen                          0x0000eb51   Thumb Code    46  datacard.o(.text)
    FlshRecToCardRec                         0x0000eb7f   Thumb Code    36  datacard.o(.text)
    ReadCardDisplay                          0x0000eba3   Thumb Code    34  datacard.o(.text)
    StoreCardRec                             0x0000ebc5   Thumb Code   130  datacard.o(.text)
    GetReadFlshRecCnt                        0x0000ec47   Thumb Code    34  datacard.o(.text)
    IndicateWriteCardFinsh                   0x0000ec69   Thumb Code    34  datacard.o(.text)
    IndicateWriteCardFlgErr                  0x0000ec8b   Thumb Code    44  datacard.o(.text)
    IndicateUSBFlgErr                        0x0000ecb7   Thumb Code    44  datacard.o(.text)
    IndicateRecordFinsh                      0x0000ece3   Thumb Code    48  datacard.o(.text)
    IndicateCardFull                         0x0000ed13   Thumb Code    42  datacard.o(.text)
    IndicateWriteNoFinsh                     0x0000ed3d   Thumb Code    32  datacard.o(.text)
    DataCard                                 0x0000ed5d   Thumb Code   554  datacard.o(.text)
    DataCardPartRead                         0x0000ef87   Thumb Code   118  datacard.o(.text)
    GetUnFihCardEvtFlg                       0x0000effd   Thumb Code     6  datacard.o(.text)
    ResetUnFihCardEvtFlg                     0x0000f003   Thumb Code     8  datacard.o(.text)
    ReadCopyCardDisplay                      0x0000f00b   Thumb Code    32  datacard.o(.text)
    GetCardMaxRecNum                         0x0000f02b   Thumb Code    18  datacard.o(.text)
    ReadCardFlg                              0x0000f055   Thumb Code    86  operatecard.o(.text)
    WriteCardFlg                             0x0000f0ab   Thumb Code     2  operatecard.o(.text)
    IndicatePullOutCard                      0x0000f0ad   Thumb Code    22  operatecard.o(.text)
    IndicateCardTypErr                       0x0000f0c3   Thumb Code    46  operatecard.o(.text)
    IndicateCardNoSet                        0x0000f0f1   Thumb Code    46  operatecard.o(.text)
    IndicateCardNoDef                        0x0000f11f   Thumb Code    46  operatecard.o(.text)
    OperationCard                            0x0000f14d   Thumb Code   788  operatecard.o(.text)
    CardTask                                 0x0000f461   Thumb Code   184  operatecard.o(.text)
    JudgeCardEvt                             0x0000f519   Thumb Code    64  operatecard.o(.text)
    SetSucceedIndicate                       0x0000f559   Thumb Code     2  paracard.o(.text)
    StoreErrIndicate                         0x0000f55b   Thumb Code    24  paracard.o(.text)
    CrcCheckErrIndicate                      0x0000f573   Thumb Code    24  paracard.o(.text)
    ModCard                                  0x0000f58b   Thumb Code    94  paracard.o(.text)
    ReadCardPara                             0x0000f5e9   Thumb Code    40  paracard.o(.text)
    WriteCardPara                            0x0000f611   Thumb Code    32  paracard.o(.text)
    GetCardDensityVal                        0x0000f631   Thumb Code    86  paracard.o(.text)
    DensityCard                              0x0000f687   Thumb Code    86  paracard.o(.text)
    DenDataCard                              0x0000f6dd   Thumb Code    28  paracard.o(.text)
    SetDataCard                              0x0000f6f9   Thumb Code    16  paracard.o(.text)
    HightCard                                0x0000f709   Thumb Code   216  paracard.o(.text)
    ModelSelectCard                          0x0000f7e1   Thumb Code    62  paracard.o(.text)
    FixCard                                  0x0000f81f   Thumb Code   110  paracard.o(.text)
    ExpandCard                               0x0000f88d   Thumb Code   362  paracard.o(.text)
    SetDen                                   0x0000f9f9   Thumb Code    88  equimentoperate.o(.text)
    SetHight                                 0x0000fa51   Thumb Code   208  equimentoperate.o(.text)
    SetSel                                   0x0000fb21   Thumb Code    60  equimentoperate.o(.text)
    SetFix                                   0x0000fb5d   Thumb Code   100  equimentoperate.o(.text)
    GetModelCardFlg                          0x0000fbc1   Thumb Code     6  equimentoperate.o(.text)
    ClearModelCardFlg                        0x0000fbc7   Thumb Code     8  equimentoperate.o(.text)
    SetModel                                 0x0000fbcf   Thumb Code   286  equimentoperate.o(.text)
    ComSendData                              0x0000fced   Thumb Code   664  equimentoperate.o(.text)
    GetLed1Com2Flg                           0x0000ff85   Thumb Code     6  equimentcom.o(.text)
    GetLed2Com3Flg                           0x0000ff8b   Thumb Code     6  equimentcom.o(.text)
    GetFramRecEndFlgCom2                     0x0000ff91   Thumb Code    10  equimentcom.o(.text)
    GetFramRecEndFlgCom3                     0x0000ff9b   Thumb Code    10  equimentcom.o(.text)
    ClearFramRecEndFlgCom3                   0x0000ffa5   Thumb Code     8  equimentcom.o(.text)
    ClearFramRecEndFlgCom2                   0x0000ffad   Thumb Code     8  equimentcom.o(.text)
    ClearFramRecEndFlg                       0x0000ffb5   Thumb Code     8  equimentcom.o(.text)
    ReadRs485DataCom2                        0x0000ffbd   Thumb Code    18  equimentcom.o(.text)
    ReadRs485DataCom3                        0x0000ffcf   Thumb Code    18  equimentcom.o(.text)
    GetRecaddr                               0x0000ffe1   Thumb Code     6  equimentcom.o(.text)
    GetRecFlg                                0x0000ffe7   Thumb Code     6  equimentcom.o(.text)
    GetSendDataComFlg                        0x0000ffed   Thumb Code     6  equimentcom.o(.text)
    ClearSendDataComFlg                      0x0000fff3   Thumb Code     8  equimentcom.o(.text)
    GetReadDataDisplayTime                   0x0000fffb   Thumb Code     6  equimentcom.o(.text)
    CarddataOperate                          0x00010001   Thumb Code   478  equimentcom.o(.text)
    CSNR_RecDeal                             0x000101df   Thumb Code   378  equimentcom.o(.text)
    GetHostBuf                               0x00010359   Thumb Code     6  equimentcom.o(.text)
    HostStationSend_CSNR                     0x0001035f   Thumb Code   258  equimentcom.o(.text)
    HostScan                                 0x00010461   Thumb Code   158  equimentcom.o(.text)
    EquipmentComTask                         0x000104ff   Thumb Code    96  equimentcom.o(.text)
    StoresDistFram                           0x00010591   Thumb Code    54  storespeed.o(.text)
    ReadDistFram                             0x000105c7   Thumb Code   212  storespeed.o(.text)
    ReadDist                                 0x0001069b   Thumb Code    44  storespeed.o(.text)
    StoresDist                               0x000106c7   Thumb Code    16  storespeed.o(.text)
    GetFrq1SumCnt                            0x00010741   Thumb Code     6  speed1.o(.text)
    GetMySpeed1                              0x00010747   Thumb Code     6  speed1.o(.text)
    GetMyAddSpeed1                           0x0001074d   Thumb Code     6  speed1.o(.text)
    GetSpeedPluse1                           0x00010753   Thumb Code    60  speed1.o(.text)
    CalcSpeed1                               0x0001078f   Thumb Code   112  speed1.o(.text)
    GetMyKileMeter                           0x000107ff   Thumb Code     6  speed1.o(.text)
    CalcDist                                 0x00010805   Thumb Code   144  speed1.o(.text)
    SpeedAndDistTast                         0x00010895   Thumb Code    42  speed1.o(.text)
    GetFrq2SumCnt                            0x000108ed   Thumb Code     6  speed2.o(.text)
    TIMER1_IRQHandler                        0x000108f3   Thumb Code   116  speed2.o(.text)
    GetMySpeed2                              0x00010967   Thumb Code     6  speed2.o(.text)
    GetMyAddSpeed2                           0x0001096d   Thumb Code     6  speed2.o(.text)
    GetSpeedPluse2                           0x00010973   Thumb Code    60  speed2.o(.text)
    CalcSpeed2                               0x000109af   Thumb Code   112  speed2.o(.text)
    GetFrq3SumCnt                            0x00010a4d   Thumb Code     6  mstcsspeed.o(.text)
    GetMyEngRotSpd                           0x00010a53   Thumb Code     6  mstcsspeed.o(.text)
    GetSpeedPlusecs                          0x00010a59   Thumb Code    62  mstcsspeed.o(.text)
    CalcSpeedcs                              0x00010a97   Thumb Code    48  mstcsspeed.o(.text)
    InitLocoStaIO                            0x00010add   Thumb Code    36  locoworksta.o(.text)
    ReadLOCO_LW                              0x00010b01   Thumb Code    18  locoworksta.o(.text)
    ReadLOCO_QY                              0x00010b13   Thumb Code    18  locoworksta.o(.text)
    ReadLOCO_ZD                              0x00010b25   Thumb Code    18  locoworksta.o(.text)
    ReadLOCO_BK                              0x00010b37   Thumb Code    18  locoworksta.o(.text)
    GetMyLocoWorkState                       0x00010b49   Thumb Code     6  locoworksta.o(.text)
    CheckLocoStaTask                         0x00010b4f   Thumb Code   170  locoworksta.o(.text)
    __aeabi_uldivmod                         0x00010c01   Thumb Code     0  lludivv7m.o(.text)
    _ll_udiv                                 0x00010c01   Thumb Code   238  lludivv7m.o(.text)
    __c89vsprintf                            0x00010cf1   Thumb Code    32  c89vsprintf.o(.text)
    memcmp                                   0x00010d15   Thumb Code    88  memcmp.o(.text)
    strlen                                   0x00010d6d   Thumb Code    62  strlen.o(.text)
    __aeabi_memcpy                           0x00010dab   Thumb Code     0  rt_memcpy_v6.o(.text)
    __rt_memcpy                              0x00010dab   Thumb Code   138  rt_memcpy_v6.o(.text)
    _memcpy_lastbytes                        0x00010e11   Thumb Code     0  rt_memcpy_v6.o(.text)
    __aeabi_memcpy4                          0x00010e35   Thumb Code     0  rt_memcpy_w.o(.text)
    __aeabi_memcpy8                          0x00010e35   Thumb Code     0  rt_memcpy_w.o(.text)
    __rt_memcpy_w                            0x00010e35   Thumb Code   100  rt_memcpy_w.o(.text)
    _memcpy_lastbytes_aligned                0x00010e7d   Thumb Code     0  rt_memcpy_w.o(.text)
    __aeabi_memclr4                          0x00010e99   Thumb Code     0  rt_memclr_w.o(.text)
    __aeabi_memclr8                          0x00010e99   Thumb Code     0  rt_memclr_w.o(.text)
    __rt_memclr_w                            0x00010e99   Thumb Code    78  rt_memclr_w.o(.text)
    _memset_w                                0x00010e9d   Thumb Code     0  rt_memclr_w.o(.text)
    strcmp                                   0x00010ee9   Thumb Code   128  strcmpv7m.o(.text)
    _printf_pre_padding                      0x00010f69   Thumb Code    46  _printf_pad.o(.text)
    _printf_post_padding                     0x00010f97   Thumb Code    36  _printf_pad.o(.text)
    _printf_truncate_signed                  0x00010fbb   Thumb Code    18  _printf_truncate.o(.text)
    _printf_truncate_unsigned                0x00010fcd   Thumb Code    18  _printf_truncate.o(.text)
    _printf_str                              0x00010fdf   Thumb Code    82  _printf_str.o(.text)
    _printf_int_dec                          0x00011031   Thumb Code   102  _printf_dec.o(.text)
    _printf_charcount                        0x000110a9   Thumb Code    42  _printf_charcount.o(.text)
    _printf_char_common                      0x000110df   Thumb Code    32  _printf_char_common.o(.text)
    _printf_wctomb                           0x00011105   Thumb Code   182  _printf_wctomb.o(.text)
    _printf_longlong_dec                     0x000111c1   Thumb Code   104  _printf_longlong_dec.o(.text)
    _printf_longlong_oct                     0x00011239   Thumb Code    76  _printf_oct_int_ll.o(.text)
    _printf_int_oct                          0x00011285   Thumb Code    24  _printf_oct_int_ll.o(.text)
    _printf_ll_oct                           0x0001129d   Thumb Code    12  _printf_oct_int_ll.o(.text)
    _printf_longlong_hex                     0x000112b1   Thumb Code    92  _printf_hex_int_ll_ptr.o(.text)
    _printf_int_hex                          0x0001130d   Thumb Code    28  _printf_hex_int_ll_ptr.o(.text)
    _printf_ll_hex                           0x00011329   Thumb Code    12  _printf_hex_int_ll_ptr.o(.text)
    _printf_hex_ptr                          0x00011335   Thumb Code    18  _printf_hex_int_ll_ptr.o(.text)
    __printf                                 0x0001134d   Thumb Code   390  __printf_flags_ss_wp.o(.text)
    __user_libspace                          0x000114d9   Thumb Code     8  libspace.o(.text)
    __user_perproc_libspace                  0x000114d9   Thumb Code     0  libspace.o(.text)
    __user_perthread_libspace                0x000114d9   Thumb Code     0  libspace.o(.text)
    __rt_ctype_table                         0x000114e1   Thumb Code    16  rt_ctype_table.o(.text)
    _ll_udiv10                               0x000114f1   Thumb Code   138  lludiv10.o(.text)
    _printf_int_common                       0x0001157b   Thumb Code   184  _printf_intcommon.o(.text)
    __lib_sel_fp_printf                      0x00011633   Thumb Code     2  _printf_fp_dec.o(.text)
    _printf_fp_dec_real                      0x000117df   Thumb Code   628  _printf_fp_dec.o(.text)
    _printf_cs_common                        0x00011a53   Thumb Code    20  _printf_char.o(.text)
    _printf_char                             0x00011a67   Thumb Code    16  _printf_char.o(.text)
    _printf_string                           0x00011a77   Thumb Code     8  _printf_char.o(.text)
    _printf_lcs_common                       0x00011a7f   Thumb Code    20  _printf_wchar.o(.text)
    _printf_wchar                            0x00011a93   Thumb Code    16  _printf_wchar.o(.text)
    _printf_wstring                          0x00011aa3   Thumb Code     8  _printf_wchar.o(.text)
    _wcrtomb                                 0x00011aab   Thumb Code    64  _wcrtomb.o(.text)
    __user_setup_stackheap                   0x00011aeb   Thumb Code    74  sys_stackheap_outer.o(.text)
    __rt_locale                              0x00011b35   Thumb Code     8  rt_locale_intlibspace.o(.text)
    _printf_fp_infnan                        0x00011b3d   Thumb Code   112  _printf_fp_infnan.o(.text)
    _btod_etento                             0x00011bbd   Thumb Code   222  bigflt0.o(.text)
    exit                                     0x00011ca1   Thumb Code    12  exit.o(.text)
    _sys_exit                                0x00011cad   Thumb Code     8  sys_exit.o(.text)
    _btod_d2e                                0x00011cb9   Thumb Code    62  btod.o(CL$$btod_d2e)
    _d2e_denorm_low                          0x00011cf7   Thumb Code    70  btod.o(CL$$btod_d2e_denorm_low)
    _d2e_norm_op1                            0x00011d3d   Thumb Code    96  btod.o(CL$$btod_d2e_norm_op1)
    __btod_div_common                        0x00011d9d   Thumb Code   696  btod.o(CL$$btod_div_common)
    _e2e                                     0x000120d5   Thumb Code   198  btod.o(CL$$btod_e2e)
    _btod_ediv                               0x0001219b   Thumb Code    40  btod.o(CL$$btod_ediv)
    _btod_emul                               0x000121c3   Thumb Code    40  btod.o(CL$$btod_emul)
    __btod_mult_common                       0x000121eb   Thumb Code   580  btod.o(CL$$btod_mult_common)
    OS_CPU_SR_Save                           0x00012431   Thumb Code     0  os_cpu_a.o(OSKernelschedular)
    OS_CPU_SR_Restore                        0x00012439   Thumb Code     0  os_cpu_a.o(OSKernelschedular)
    OSStartHighRdy                           0x0001243f   Thumb Code     0  os_cpu_a.o(OSKernelschedular)
    OSCtxSw                                  0x0001245f   Thumb Code     0  os_cpu_a.o(OSKernelschedular)
    OSIntCtxSw                               0x00012469   Thumb Code     0  os_cpu_a.o(OSKernelschedular)
    OS_CPU_PendSVHandler                     0x00012473   Thumb Code     0  os_cpu_a.o(OSKernelschedular)
    IntDisAll                                0x000124ab   Thumb Code     0  os_cpu_a.o(OSKernelschedular)
    __ARM_fpclassify                         0x000124d1   Thumb Code    40  fpclassify.o(i.__ARM_fpclassify)
    _is_digit                                0x000124f9   Thumb Code    14  __printf_wp.o(i._is_digit)
    _get_lc_ctype                            0x00012509   Thumb Code    44  lc_ctype_c.o(locale$$code)
    _get_lc_numeric                          0x00012535   Thumb Code    44  lc_numeric_c.o(locale$$code)
    __fpl_dcmp_Inf                           0x00012561   Thumb Code    24  dcmpi.o(x$fpl$dcmpinf)
    __aeabi_i2d                              0x00012579   Thumb Code     0  dflt_clz.o(x$fpl$dflt)
    _dflt                                    0x00012579   Thumb Code    46  dflt_clz.o(x$fpl$dflt)
    __aeabi_cdcmple                          0x000125a9   Thumb Code     0  dleqf.o(x$fpl$dleqf)
    _dcmple                                  0x000125a9   Thumb Code   120  dleqf.o(x$fpl$dleqf)
    __fpl_dcmple_InfNaN                      0x0001260b   Thumb Code     0  dleqf.o(x$fpl$dleqf)
    __fpl_dnaninf                            0x00012621   Thumb Code   156  dnaninf.o(x$fpl$dnaninf)
    __fpl_dretinf                            0x000126bd   Thumb Code    12  dretinf.o(x$fpl$dretinf)
    __aeabi_cdrcmple                         0x000126c9   Thumb Code     0  drleqf.o(x$fpl$drleqf)
    _drcmple                                 0x000126c9   Thumb Code   108  drleqf.o(x$fpl$drleqf)
    __aeabi_f2d                              0x00012735   Thumb Code     0  f2d.o(x$fpl$f2d)
    _f2d                                     0x00012735   Thumb Code    86  f2d.o(x$fpl$f2d)
    __aeabi_fadd                             0x0001278d   Thumb Code     0  faddsub_clz.o(x$fpl$fadd)
    _fadd                                    0x0001278d   Thumb Code   196  faddsub_clz.o(x$fpl$fadd)
    __fpl_fcmp_Inf                           0x00012851   Thumb Code    24  fcmpi.o(x$fpl$fcmpinf)
    __aeabi_fdiv                             0x00012869   Thumb Code     0  fdiv.o(x$fpl$fdiv)
    _fdiv                                    0x00012869   Thumb Code   384  fdiv.o(x$fpl$fdiv)
    __aeabi_cfcmpeq                          0x000129ed   Thumb Code     0  feqf.o(x$fpl$feqf)
    _fcmpeq                                  0x000129ed   Thumb Code   104  feqf.o(x$fpl$feqf)
    __aeabi_f2iz                             0x00012a55   Thumb Code     0  ffix.o(x$fpl$ffix)
    _ffix                                    0x00012a55   Thumb Code    54  ffix.o(x$fpl$ffix)
    __aeabi_f2uiz                            0x00012a8d   Thumb Code     0  ffixu.o(x$fpl$ffixu)
    _ffixu                                   0x00012a8d   Thumb Code    62  ffixu.o(x$fpl$ffixu)
    __aeabi_i2f                              0x00012acd   Thumb Code     0  fflt_clz.o(x$fpl$fflt)
    _fflt                                    0x00012acd   Thumb Code    48  fflt_clz.o(x$fpl$fflt)
    __aeabi_ui2f                             0x00012afd   Thumb Code     0  fflt_clz.o(x$fpl$ffltu)
    _ffltu                                   0x00012afd   Thumb Code    38  fflt_clz.o(x$fpl$ffltu)
    __aeabi_cfcmple                          0x00012b25   Thumb Code     0  fleqf.o(x$fpl$fleqf)
    _fcmple                                  0x00012b25   Thumb Code   104  fleqf.o(x$fpl$fleqf)
    __fpl_fcmple_InfNaN                      0x00012b77   Thumb Code     0  fleqf.o(x$fpl$fleqf)
    __aeabi_fmul                             0x00012b8d   Thumb Code     0  fmul.o(x$fpl$fmul)
    _fmul                                    0x00012b8d   Thumb Code   258  fmul.o(x$fpl$fmul)
    __fpl_fnaninf                            0x00012c8f   Thumb Code   140  fnaninf.o(x$fpl$fnaninf)
    __fpl_fretinf                            0x00012d1b   Thumb Code    10  fretinf.o(x$fpl$fretinf)
    __aeabi_cfrcmple                         0x00012d25   Thumb Code     0  frleqf.o(x$fpl$frleqf)
    _frcmple                                 0x00012d25   Thumb Code    98  frleqf.o(x$fpl$frleqf)
    __aeabi_fsub                             0x00012d89   Thumb Code     0  faddsub_clz.o(x$fpl$fsub)
    _fsub                                    0x00012d89   Thumb Code   234  faddsub_clz.o(x$fpl$fsub)
    _printf_fp_dec                           0x00012e73   Thumb Code     4  printf1.o(x$fpl$printf1)
    OSUnMapTbl                               0x00012e76   Data         256  os_core.o(.constdata)
    OSDebugEn                                0x00012f78   Data           2  os_dbg.o(.constdata)
    OSEndiannessTest                         0x00012f7c   Data           4  os_dbg.o(.constdata)
    OSEventEn                                0x00012f80   Data           2  os_dbg.o(.constdata)
    OSEventMax                               0x00012f82   Data           2  os_dbg.o(.constdata)
    OSEventNameEn                            0x00012f84   Data           2  os_dbg.o(.constdata)
    OSEventSize                              0x00012f86   Data           2  os_dbg.o(.constdata)
    OSEventTblSize                           0x00012f88   Data           2  os_dbg.o(.constdata)
    OSEventMultiEn                           0x00012f8a   Data           2  os_dbg.o(.constdata)
    OSFlagEn                                 0x00012f8c   Data           2  os_dbg.o(.constdata)
    OSFlagGrpSize                            0x00012f8e   Data           2  os_dbg.o(.constdata)
    OSFlagNodeSize                           0x00012f90   Data           2  os_dbg.o(.constdata)
    OSFlagWidth                              0x00012f92   Data           2  os_dbg.o(.constdata)
    OSFlagMax                                0x00012f94   Data           2  os_dbg.o(.constdata)
    OSFlagNameEn                             0x00012f96   Data           2  os_dbg.o(.constdata)
    OSLowestPrio                             0x00012f98   Data           2  os_dbg.o(.constdata)
    OSMboxEn                                 0x00012f9a   Data           2  os_dbg.o(.constdata)
    OSMemEn                                  0x00012f9c   Data           2  os_dbg.o(.constdata)
    OSMemMax                                 0x00012f9e   Data           2  os_dbg.o(.constdata)
    OSMemNameEn                              0x00012fa0   Data           2  os_dbg.o(.constdata)
    OSMemSize                                0x00012fa2   Data           2  os_dbg.o(.constdata)
    OSMemTblSize                             0x00012fa4   Data           2  os_dbg.o(.constdata)
    OSMutexEn                                0x00012fa6   Data           2  os_dbg.o(.constdata)
    OSPtrSize                                0x00012fa8   Data           2  os_dbg.o(.constdata)
    OSQEn                                    0x00012faa   Data           2  os_dbg.o(.constdata)
    OSQMax                                   0x00012fac   Data           2  os_dbg.o(.constdata)
    OSQSize                                  0x00012fae   Data           2  os_dbg.o(.constdata)
    OSRdyTblSize                             0x00012fb0   Data           2  os_dbg.o(.constdata)
    OSSemEn                                  0x00012fb2   Data           2  os_dbg.o(.constdata)
    OSStkWidth                               0x00012fb4   Data           2  os_dbg.o(.constdata)
    OSTaskCreateEn                           0x00012fb6   Data           2  os_dbg.o(.constdata)
    OSTaskCreateExtEn                        0x00012fb8   Data           2  os_dbg.o(.constdata)
    OSTaskDelEn                              0x00012fba   Data           2  os_dbg.o(.constdata)
    OSTaskIdleStkSize                        0x00012fbc   Data           2  os_dbg.o(.constdata)
    OSTaskProfileEn                          0x00012fbe   Data           2  os_dbg.o(.constdata)
    OSTaskMax                                0x00012fc0   Data           2  os_dbg.o(.constdata)
    OSTaskNameEn                             0x00012fc2   Data           2  os_dbg.o(.constdata)
    OSTaskStatEn                             0x00012fc4   Data           2  os_dbg.o(.constdata)
    OSTaskStatStkSize                        0x00012fc6   Data           2  os_dbg.o(.constdata)
    OSTaskStatStkChkEn                       0x00012fc8   Data           2  os_dbg.o(.constdata)
    OSTaskSwHookEn                           0x00012fca   Data           2  os_dbg.o(.constdata)
    OSTCBPrioTblMax                          0x00012fcc   Data           2  os_dbg.o(.constdata)
    OSTCBSize                                0x00012fce   Data           2  os_dbg.o(.constdata)
    OSTicksPerSec                            0x00012fd0   Data           2  os_dbg.o(.constdata)
    OSTimeTickHookEn                         0x00012fd2   Data           2  os_dbg.o(.constdata)
    OSVersionNbr                             0x00012fd4   Data           2  os_dbg.o(.constdata)
    OSTmrEn                                  0x00012fd6   Data           2  os_dbg.o(.constdata)
    OSTmrCfgMax                              0x00012fd8   Data           2  os_dbg.o(.constdata)
    OSTmrCfgNameEn                           0x00012fda   Data           2  os_dbg.o(.constdata)
    OSTmrCfgWheelSize                        0x00012fdc   Data           2  os_dbg.o(.constdata)
    OSTmrCfgTicksPerSec                      0x00012fde   Data           2  os_dbg.o(.constdata)
    OSTmrSize                                0x00012fe0   Data           2  os_dbg.o(.constdata)
    OSTmrTblSize                             0x00012fe2   Data           2  os_dbg.o(.constdata)
    OSTmrWheelSize                           0x00012fe4   Data           2  os_dbg.o(.constdata)
    OSTmrWheelTblSize                        0x00012fe6   Data           2  os_dbg.o(.constdata)
    OSDataSize                               0x00012fe8   Data           2  os_dbg.o(.constdata)
    sd_crc16_table                           0x00013084   Data         512  crccheck.o(.constdata)
    CRCR16_8408_Table                        0x00013284   Data          32  crccheck.o(.constdata)
    sDipHigBuf                               0x00013420   Data        1392  dip_hig.o(.constdata)
    Region$$Table$$Base                      0x00013a98   Number         0  anon$$obj.o(Region$$Table)
    Region$$Table$$Limit                     0x00013ab8   Number         0  anon$$obj.o(Region$$Table)
    __ctype                                  0x00013ac5   Data           0  lc_ctype_c.o(locale$$data)
    OSCtxSwCtr                               0x10000000   Data           4  os_core.o(.data)
    OSEventFreeList                          0x10000004   Data           4  os_core.o(.data)
    OSFlagFreeList                           0x10000008   Data           4  os_core.o(.data)
    OSCPUUsage                               0x1000000c   Data           1  os_core.o(.data)
    OSIdleCtrMax                             0x10000010   Data           4  os_core.o(.data)
    OSIdleCtrRun                             0x10000014   Data           4  os_core.o(.data)
    OSStatRdy                                0x10000018   Data           1  os_core.o(.data)
    OSIntNesting                             0x10000019   Data           1  os_core.o(.data)
    OSLockNesting                            0x1000001a   Data           1  os_core.o(.data)
    OSPrioCur                                0x1000001b   Data           1  os_core.o(.data)
    OSPrioHighRdy                            0x1000001c   Data           1  os_core.o(.data)
    OSRdyGrp                                 0x1000001d   Data           1  os_core.o(.data)
    OSRdyTbl                                 0x1000001e   Data           8  os_core.o(.data)
    OSRunning                                0x10000026   Data           1  os_core.o(.data)
    OSTaskCtr                                0x10000027   Data           1  os_core.o(.data)
    OSIdleCtr                                0x10000028   Data           4  os_core.o(.data)
    OSTCBCur                                 0x1000002c   Data           4  os_core.o(.data)
    OSTCBFreeList                            0x10000030   Data           4  os_core.o(.data)
    OSTCBHighRdy                             0x10000034   Data           4  os_core.o(.data)
    OSTCBList                                0x10000038   Data           4  os_core.o(.data)
    OSTickStepState                          0x1000003c   Data           1  os_core.o(.data)
    OSMemFreeList                            0x10000040   Data           4  os_core.o(.data)
    OSQFreeList                              0x10000044   Data           4  os_core.o(.data)
    OSTime                                   0x10000048   Data           4  os_core.o(.data)
    OSTmrFree                                0x1000004c   Data           2  os_core.o(.data)
    OSTmrUsed                                0x1000004e   Data           2  os_core.o(.data)
    OSTmrTime                                0x10000050   Data           4  os_core.o(.data)
    OSTmrSem                                 0x10000054   Data           4  os_core.o(.data)
    OSTmrSemSignal                           0x10000058   Data           4  os_core.o(.data)
    OSTmrFreeList                            0x1000005c   Data           4  os_core.o(.data)
    OS_CPU_ExceptStkBase                     0x10000060   Data           4  os_cpu_c.o(.data)
    SystemCoreClock                          0x1000006c   Data           4  system_lpc17xx.o(.data)
    _db_msg                                  0x10000070   Data           4  debug_frmwrk.o(.data)
    _db_msg_                                 0x10000074   Data           4  debug_frmwrk.o(.data)
    _db_char                                 0x10000078   Data           4  debug_frmwrk.o(.data)
    _db_dec                                  0x1000007c   Data           4  debug_frmwrk.o(.data)
    _db_dec_16                               0x10000080   Data           4  debug_frmwrk.o(.data)
    _db_dec_32                               0x10000084   Data           4  debug_frmwrk.o(.data)
    _db_hex                                  0x10000088   Data           4  debug_frmwrk.o(.data)
    _db_hex_16                               0x1000008c   Data           4  debug_frmwrk.o(.data)
    _db_hex_32                               0x10000090   Data           4  debug_frmwrk.o(.data)
    _db_get_char                             0x10000094   Data           4  debug_frmwrk.o(.data)
    flsherrflg                               0x10000098   Data           1  mx25l1602drv.o(.data)
    l_COM1EndFlg                             0x1000009c   Data           1  uart1.o(.data)
    l_COM1ConnTime                           0x100000a0   Data           4  uart1.o(.data)
    l_COM1StartFlg                           0x100000a4   Data           1  uart1.o(.data)
    l_COM1TimeOutFlg                         0x100000a5   Data           1  uart1.o(.data)
    l_COM1FramRecEndFlg                      0x100000a6   Data           1  uart1.o(.data)
    Com1RecTmp0                              0x100000a7   Data           1  uart1.o(.data)
    Com1RecTmp1                              0x100000a8   Data           1  uart1.o(.data)
    Com1RecTmp2                              0x100000a9   Data           1  uart1.o(.data)
    l_COM1TempRev                            0x100000aa   Data           1  uart1.o(.data)
    RecNumCOM1                               0x100000ab   Data           1  uart1.o(.data)
    l_COM2EndFlg                             0x100000ac   Data           1  uart2.o(.data)
    l_COM2ConnTime                           0x100000b0   Data           4  uart2.o(.data)
    l_COM2StartFlg                           0x100000b4   Data           1  uart2.o(.data)
    l_COM2TimeOutFlg                         0x100000b5   Data           1  uart2.o(.data)
    l_COM2FramRecEndFlg                      0x100000b6   Data           1  uart2.o(.data)
    com2RecTmp0                              0x100000b7   Data           1  uart2.o(.data)
    com2RecTmp1                              0x100000b8   Data           1  uart2.o(.data)
    com2RecTmp2                              0x100000b9   Data           1  uart2.o(.data)
    l_COM2TempRev                            0x100000ba   Data           1  uart2.o(.data)
    RecNumCOM2                               0x100000bb   Data           1  uart2.o(.data)
    l_COM3EndFlg                             0x100000bc   Data           1  uart3.o(.data)
    l_COM3ConnTime                           0x100000c0   Data           4  uart3.o(.data)
    l_COM3StartFlg                           0x100000c4   Data           1  uart3.o(.data)
    l_COM3TimeOutFlg                         0x100000c5   Data           1  uart3.o(.data)
    l_COM3FramRecEndFlg                      0x100000c6   Data           1  uart3.o(.data)
    com3RecTmp0                              0x100000c7   Data           1  uart3.o(.data)
    com3RecTmp1                              0x100000c8   Data           1  uart3.o(.data)
    com3RecTmp2                              0x100000c9   Data           1  uart3.o(.data)
    com3rectmp                               0x100000cc   Data           4  uart3.o(.data)
    l_COM3TempRev                            0x100000d0   Data           1  uart3.o(.data)
    RecNumCom3                               0x100000d1   Data           1  uart3.o(.data)
    l_hosterrnum                             0x100000d4   Data           1  uart0001.o(.data)
    l_diperrflg                              0x100000d5   Data           1  uart0001.o(.data)
    l_hosterrflg                             0x100000d6   Data           1  uart0001.o(.data)
    l_COM0EndFlg                             0x100000fc   Data           1  uart0.o(.data)
    l_COM0ConnTime                           0x10000100   Data           4  uart0.o(.data)
    l_COM0StartFlg                           0x10000104   Data           1  uart0.o(.data)
    l_COM0TimeOutFlg                         0x10000105   Data           1  uart0.o(.data)
    l_COM0FramRecEndFlg                      0x10000106   Data           1  uart0.o(.data)
    l_COM0TempRev                            0x10000107   Data           1  uart0.o(.data)
    RecNumCOM0                               0x10000108   Data           1  uart0.o(.data)
    BatterVal                                0x10000118   Data           4  adc.o(.data)
    l_softsendbyteflg                        0x1000011c   Data           1  softuart-t3.o(.data)
    l_softsendlen                            0x10000120   Data           4  softuart-t3.o(.data)
    l_e3hdlcframendflg                       0x10000124   Data           1  softuart-t3.o(.data)
    l_t0hdlcframendflg                       0x1000012c   Data           1  softuart-t3.o(.data)
    l_hdlcsendbuf                            0x10000144   Data           4  softuart-t3.o(.data)
    g_DipVal                                 0x10000348   Data           4  globepara.o(.data)
    g_DipDisVal                              0x1000034c   Data           4  globepara.o(.data)
    g_Dip1Frq                                0x10000350   Data           2  globepara.o(.data)
    g_Dip2Frq                                0x10000352   Data           2  globepara.o(.data)
    g_CurFlshRecNum                          0x10000354   Data           4  globepara.o(.data)
    g_LshRedFlshRecNum                       0x10000358   Data           4  globepara.o(.data)
    g_LshRedFlshRecNum_gprs                  0x1000035c   Data           4  globepara.o(.data)
    g_TestModelFlg                           0x10000360   Data           4  globepara.o(.data)
    g_PullCardTime                           0x10000364   Data           4  globepara.o(.data)
    l_DipComErrFlg                           0x10000368   Data           1  getdipprs.o(.data)
    l_Dip1ComErrFlg                          0x10000369   Data           1  getdipprs.o(.data)
    l_Dip2ComErrFlg                          0x1000036a   Data           1  getdipprs.o(.data)
    l_Dip1Prs                                0x1000036c   Data           2  getdipprs.o(.data)
    l_Dip2Prs                                0x1000036e   Data           2  getdipprs.o(.data)
    l_Dip1Tmp                                0x10000370   Data           1  getdipprs.o(.data)
    l_Dip2Tmp                                0x10000371   Data           1  getdipprs.o(.data)
    l_Dip1ErrCod                             0x10000372   Data           1  getdipprs.o(.data)
    l_Dip2ErrCod                             0x10000373   Data           1  getdipprs.o(.data)
    l_Dip1DataErrFlg                         0x10000374   Data           1  getdipprs.o(.data)
    l_Dip2DataErrFlg                         0x10000375   Data           1  getdipprs.o(.data)
    l_dip1den                                0x100003bc   Data           2  getdipprs.o(.data)
    l_dip2den                                0x100003be   Data           2  getdipprs.o(.data)
    l_led0com1flg                            0x100003c0   Data           1  dipcomoperate.o(.data)
    l_recaddrdip                             0x100003c1   Data           1  dipcomoperate.o(.data)
    l_com1dip1Errflg                         0x100003c2   Data           1  dipcomoperate.o(.data)
    l_com1dip2Errflg                         0x100003c3   Data           1  dipcomoperate.o(.data)
    l_com1SetModelflg                        0x100003c4   Data           1  dipcomoperate.o(.data)
    l_recFlgdip                              0x100003c5   Data           1  dipcomoperate.o(.data)
    l_setmodelflg                            0x100003c6   Data           1  dipcomoperate.o(.data)
    sentendflgdip                            0x100003c7   Data           1  dipcomoperate.o(.data)
    l_hostevtflg                             0x10000408   Data           1  tmp.o(.data)
    l_TaxBefFlg                              0x1000040c   Data           1  tax2.o(.data)
    l_TaxBakFlg                              0x1000040d   Data           1  tax2.o(.data)
    l_Tax2ComErrFlg                          0x1000040e   Data           1  tax2.o(.data)
    l_TaxBefErrFlg                           0x1000040f   Data           1  tax2.o(.data)
    l_TaxBakErrFlg                           0x10000410   Data           1  tax2.o(.data)
    m_TaxNoErrFlg                            0x10000411   Data           1  tax2.o(.data)
    m_NoSpeedFlg                             0x10000412   Data           1  tax2.o(.data)
    l_recslaveaddr                           0x10000420   Data           1  csnr.o(.data)
    g_higval                                 0x10000438   Data           2  com-csnr.o(.data)
    l_FramWriteErrEvtFlg                     0x10000440   Data           1  framstore.o(.data)
    l_FramReadErrEvtFlg                      0x10000441   Data           1  framstore.o(.data)
    l_ReadDataFlg                            0x10000442   Data           1  framstore.o(.data)
    mFramWordTestErrFlg                      0x10000443   Data           1  framstore.o(.data)
    LedNumCode                               0x10000444   Data          16  display.o(.data)
    LedCharCode                              0x10000454   Data          97  display.o(.data)
    sLed                                     0x100004c8   Data         192  led.o(.data)
    HLAB_i                                   0x10000588   Data           1  led.o(.data)
    CurentTime                               0x1000058c   Data           4  led.o(.data)
    l_SelModelErrFlg                         0x10000590   Data           1  dealoilbox.o(.data)
    l_CurDipAvgPrs                           0x100008bc   Data           2  mathdipval.o(.data)
    l_DipStorePrs                            0x100008be   Data           2  mathdipval.o(.data)
    l_PrsChgState                            0x100008c0   Data           1  mathdipval.o(.data)
    l_ModelErrFlg                            0x100008c1   Data           1  mathdipval.o(.data)
    l_DensityErrFlg                          0x100008c2   Data           1  mathdipval.o(.data)
    l_SetParaFlg                             0x100008c3   Data           1  mathdipval.o(.data)
    l_ModelParaErrFlg                        0x100008c4   Data           1  mathdipval.o(.data)
    l_Dip1Frq10SecChg                        0x10000902   Data           2  mathdipval.o(.data)
    l_Dip2Frq10SecChg                        0x10000904   Data           2  mathdipval.o(.data)
    l_ReviseHight                            0x10000908   Data           4  mathdipval.o(.data)
    l_Density                                0x1000090c   Data           4  mathdipval.o(.data)
    l_AddDipVal                              0x10000910   Data           4  mathdipval.o(.data)
    l_Spi0Len                                0x10000914   Data           4  card.o(.data)
    l_Spi0Point                              0x10000918   Data           4  card.o(.data)
    Spi0FinishFlg                            0x1000091c   Data           1  card.o(.data)
    l_CardErrorFlg                           0x10000928   Data           1  card.o(.data)
    l_LongTimePlugCardErrFlg                 0x10000929   Data           1  card.o(.data)
    l_CardPageSize                           0x1000092c   Data           4  card.o(.data)
    l_CardStartAddr                          0x10000930   Data           4  card.o(.data)
    l_CardPageNum                            0x10000934   Data           4  card.o(.data)
    l_CardTypeFlg                            0x10000938   Data           1  card.o(.data)
    l_UnFihCardEvtFlg                        0x1000093a   Data           1  datacard.o(.data)
    l_FlgZoneErrEvent                        0x1000093c   Data           1  operatecard.o(.data)
    l_CardType                               0x1000094a   Data           2  operatecard.o(.data)
    l_modelcardflg                           0x1000094c   Data           1  equimentoperate.o(.data)
    l_led1com2flg                            0x10000954   Data           1  equimentcom.o(.data)
    l_led2com3flg                            0x10000955   Data           1  equimentcom.o(.data)
    l_befaddr                                0x10000956   Data           1  equimentcom.o(.data)
    l_recFlg                                 0x10000957   Data           1  equimentcom.o(.data)
    l_eqiupmentcode                          0x10000958   Data           4  equimentcom.o(.data)
    sentendflg                               0x1000095c   Data           1  equimentcom.o(.data)
    l_senddatacomflg                         0x1000095d   Data           1  equimentcom.o(.data)
    l_senddatastartnum                       0x10000960   Data           4  equimentcom.o(.data)
    l_senddataendnum                         0x10000964   Data           4  equimentcom.o(.data)
    l_readdatadisplaytime                    0x10000968   Data           4  equimentcom.o(.data)
    mPluseSumCnt0                            0x1000098c   Data           4  speed1.o(.data)
    m_Time0Sum                               0x10000990   Data           4  speed1.o(.data)
    m_AddPluse0                              0x10000994   Data           4  speed1.o(.data)
    m_Pluse0ChgFlg                           0x10000998   Data           4  speed1.o(.data)
    l_speed1                                 0x100009b4   Data           2  speed1.o(.data)
    l_addspeed1                              0x100009b8   Data           4  speed1.o(.data)
    l_kilemeter                              0x100009bc   Data           4  speed1.o(.data)
    mPluseSumCnt1                            0x100009c0   Data           4  speed2.o(.data)
    m_Time1Sum                               0x100009c4   Data           4  speed2.o(.data)
    m_AddPluse1                              0x100009c8   Data           4  speed2.o(.data)
    m_Pluse1ChgFlg                           0x100009cc   Data           4  speed2.o(.data)
    l_speed2                                 0x100009d0   Data           2  speed2.o(.data)
    l_addspeed2                              0x100009d4   Data           4  speed2.o(.data)
    mPluseSumCntcs                           0x100009e8   Data           4  mstcsspeed.o(.data)
    m_TimecsSum                              0x100009ec   Data           4  mstcsspeed.o(.data)
    m_AddPlusecs                             0x100009f0   Data           4  mstcsspeed.o(.data)
    m_PlusecsChgFlg                          0x100009f4   Data           4  mstcsspeed.o(.data)
    l_speedcs                                0x100009f8   Data           2  mstcsspeed.o(.data)
    l_locoworksta                            0x10000a08   Data           1  locoworksta.o(.data)
    OSEventTbl                               0x10000a10   Data         240  os_core.o(.bss)
    OSFlagTbl                                0x10000b00   Data          80  os_core.o(.bss)
    OSTaskStatStk                            0x10000b50   Data         512  os_core.o(.bss)
    OSTaskIdleStk                            0x10000d50   Data         512  os_core.o(.bss)
    OSTCBPrioTbl                             0x10000f50   Data         256  os_core.o(.bss)
    OSTCBTbl                                 0x10001050   Data        1936  os_core.o(.bss)
    OSMemTbl                                 0x100017e0   Data         120  os_core.o(.bss)
    OSQTbl                                   0x10001858   Data          96  os_core.o(.bss)
    OSTmrTbl                                 0x100018b8   Data         640  os_core.o(.bss)
    OSTmrTaskStk                             0x10001b38   Data         512  os_core.o(.bss)
    OSTmrWheelTbl                            0x10001d38   Data          64  os_core.o(.bss)
    OS_CPU_ExceptStk                         0x10001d78   Data         512  os_cpu_c.o(.bss)
    com3recbuftmp                            0x1000289c   Data         256  uart3.o(.bss)
    sErrFIFO                                 0x10002b9c   Data          12  uart0001.o(.bss)
    gErrBuf                                  0x10002ba8   Data          20  uart0001.o(.bss)
    sStoreErrFIFO                            0x10002bbc   Data          12  uart0001.o(.bss)
    gStoreErrBuf                             0x10002bc8   Data          20  uart0001.o(.bss)
    l_sTAX2                                  0x1000340c   Data          72  tax2.o(.bss)
    sDisplay                                 0x10003854   Data         200  display.o(.bss)
    sDisplayBak                              0x1000391c   Data         200  display.o(.bss)
    g_sledflg                                0x10003be4   Data          20  flgmanager.o(.bss)
    l_sModel                                 0x10003bf8   Data         808  mathdipval.o(.bss)
    m_sCardFlg                               0x10004550   Data        3424  cardtest.o(.bss)
    m_sModelCard                             0x100052b0   Data        5956  cardtest.o(.bss)
    m_sModel                                 0x100069f4   Data         208  cardtest.o(.bss)
    __libspace_start                         0x10006ac4   Data          96  libspace.o(.bss)
    __temporary_stack_top$libspace           0x10006b24   Data           0  libspace.o(.bss)



==============================================================================

Memory Map of the image

  Image Entry point : 0x000000cd

  Load Region LR_IROM1 (Base: 0x00000000, Size: 0x000145f4, Max: 0x00040000, ABSOLUTE, COMPRESSED[0x00013f00])

    Execution Region ER_IROM1 (Base: 0x00000000, Size: 0x00013be4, Max: 0x00040000, ABSOLUTE)

    Base Addr    Size         Type   Attr      Idx    E Section Name        Object

    0x00000000   0x000000cc   Data   RO          366    RESET               startup_lpc17xx.o
    0x000000cc   0x00000008   Code   RO         2259  * !!!main             c_w.l(__main.o)
    0x000000d4   0x00000034   Code   RO         2645    !!!scatter          c_w.l(__scatter.o)
    0x00000108   0x0000005a   Code   RO         2643    !!dczerorl2         c_w.l(__dczerorl2.o)
    0x00000162   0x00000002   PAD
    0x00000164   0x0000001c   Code   RO         2647    !!handler_zi        c_w.l(__scatter_zi.o)
    0x00000180   0x00000000   Code   RO         2396    .ARM.Collect$$_printf_percent$$00000000  c_w.l(_printf_percent.o)
    0x00000180   0x00000006   Code   RO         2385    .ARM.Collect$$_printf_percent$$00000001  c_w.l(_printf_n.o)
    0x00000186   0x00000006   Code   RO         2387    .ARM.Collect$$_printf_percent$$00000002  c_w.l(_printf_p.o)
    0x0000018c   0x00000006   Code   RO         2392    .ARM.Collect$$_printf_percent$$00000003  c_w.l(_printf_f.o)
    0x00000192   0x00000006   Code   RO         2393    .ARM.Collect$$_printf_percent$$00000004  c_w.l(_printf_e.o)
    0x00000198   0x00000006   Code   RO         2394    .ARM.Collect$$_printf_percent$$00000005  c_w.l(_printf_g.o)
    0x0000019e   0x00000006   Code   RO         2395    .ARM.Collect$$_printf_percent$$00000006  c_w.l(_printf_a.o)
    0x000001a4   0x0000000a   Code   RO         2400    .ARM.Collect$$_printf_percent$$00000007  c_w.l(_printf_ll.o)
    0x000001ae   0x00000006   Code   RO         2389    .ARM.Collect$$_printf_percent$$00000008  c_w.l(_printf_i.o)
    0x000001b4   0x00000006   Code   RO         2390    .ARM.Collect$$_printf_percent$$00000009  c_w.l(_printf_d.o)
    0x000001ba   0x00000006   Code   RO         2391    .ARM.Collect$$_printf_percent$$0000000A  c_w.l(_printf_u.o)
    0x000001c0   0x00000006   Code   RO         2388    .ARM.Collect$$_printf_percent$$0000000B  c_w.l(_printf_o.o)
    0x000001c6   0x00000006   Code   RO         2386    .ARM.Collect$$_printf_percent$$0000000C  c_w.l(_printf_x.o)
    0x000001cc   0x00000006   Code   RO         2397    .ARM.Collect$$_printf_percent$$0000000D  c_w.l(_printf_lli.o)
    0x000001d2   0x00000006   Code   RO         2398    .ARM.Collect$$_printf_percent$$0000000E  c_w.l(_printf_lld.o)
    0x000001d8   0x00000006   Code   RO         2399    .ARM.Collect$$_printf_percent$$0000000F  c_w.l(_printf_llu.o)
    0x000001de   0x00000006   Code   RO         2404    .ARM.Collect$$_printf_percent$$00000010  c_w.l(_printf_llo.o)
    0x000001e4   0x00000006   Code   RO         2405    .ARM.Collect$$_printf_percent$$00000011  c_w.l(_printf_llx.o)
    0x000001ea   0x0000000a   Code   RO         2401    .ARM.Collect$$_printf_percent$$00000012  c_w.l(_printf_l.o)
    0x000001f4   0x00000006   Code   RO         2383    .ARM.Collect$$_printf_percent$$00000013  c_w.l(_printf_c.o)
    0x000001fa   0x00000006   Code   RO         2384    .ARM.Collect$$_printf_percent$$00000014  c_w.l(_printf_s.o)
    0x00000200   0x00000006   Code   RO         2402    .ARM.Collect$$_printf_percent$$00000015  c_w.l(_printf_lc.o)
    0x00000206   0x00000006   Code   RO         2403    .ARM.Collect$$_printf_percent$$00000016  c_w.l(_printf_ls.o)
    0x0000020c   0x00000004   Code   RO         2457    .ARM.Collect$$_printf_percent$$00000017  c_w.l(_printf_percent_end.o)
    0x00000210   0x00000002   Code   RO         2515    .ARM.Collect$$libinit$$00000000  c_w.l(libinit.o)
    0x00000212   0x00000000   Code   RO         2529    .ARM.Collect$$libinit$$00000002  c_w.l(libinit2.o)
    0x00000212   0x00000000   Code   RO         2532    .ARM.Collect$$libinit$$00000008  c_w.l(libinit2.o)
    0x00000212   0x00000000   Code   RO         2534    .ARM.Collect$$libinit$$0000000A  c_w.l(libinit2.o)
    0x00000212   0x00000000   Code   RO         2536    .ARM.Collect$$libinit$$0000000C  c_w.l(libinit2.o)
    0x00000212   0x00000006   Code   RO         2537    .ARM.Collect$$libinit$$0000000D  c_w.l(libinit2.o)
    0x00000218   0x00000000   Code   RO         2539    .ARM.Collect$$libinit$$0000000F  c_w.l(libinit2.o)
    0x00000218   0x0000000c   Code   RO         2540    .ARM.Collect$$libinit$$00000010  c_w.l(libinit2.o)
    0x00000224   0x00000000   Code   RO         2541    .ARM.Collect$$libinit$$00000011  c_w.l(libinit2.o)
    0x00000224   0x00000000   Code   RO         2543    .ARM.Collect$$libinit$$00000013  c_w.l(libinit2.o)
    0x00000224   0x0000000a   Code   RO         2544    .ARM.Collect$$libinit$$00000014  c_w.l(libinit2.o)
    0x0000022e   0x00000000   Code   RO         2545    .ARM.Collect$$libinit$$00000015  c_w.l(libinit2.o)
    0x0000022e   0x00000000   Code   RO         2547    .ARM.Collect$$libinit$$00000017  c_w.l(libinit2.o)
    0x0000022e   0x00000000   Code   RO         2549    .ARM.Collect$$libinit$$00000019  c_w.l(libinit2.o)
    0x0000022e   0x00000000   Code   RO         2551    .ARM.Collect$$libinit$$0000001B  c_w.l(libinit2.o)
    0x0000022e   0x00000000   Code   RO         2553    .ARM.Collect$$libinit$$0000001D  c_w.l(libinit2.o)
    0x0000022e   0x00000000   Code   RO         2555    .ARM.Collect$$libinit$$0000001F  c_w.l(libinit2.o)
    0x0000022e   0x00000000   Code   RO         2557    .ARM.Collect$$libinit$$00000021  c_w.l(libinit2.o)
    0x0000022e   0x00000000   Code   RO         2559    .ARM.Collect$$libinit$$00000023  c_w.l(libinit2.o)
    0x0000022e   0x00000000   Code   RO         2563    .ARM.Collect$$libinit$$0000002A  c_w.l(libinit2.o)
    0x0000022e   0x00000000   Code   RO         2565    .ARM.Collect$$libinit$$0000002C  c_w.l(libinit2.o)
    0x0000022e   0x00000000   Code   RO         2567    .ARM.Collect$$libinit$$0000002E  c_w.l(libinit2.o)
    0x0000022e   0x00000000   Code   RO         2569    .ARM.Collect$$libinit$$00000030  c_w.l(libinit2.o)
    0x0000022e   0x00000002   Code   RO         2570    .ARM.Collect$$libinit$$00000031  c_w.l(libinit2.o)
    0x00000230   0x00000002   Code   RO         2601    .ARM.Collect$$libshutdown$$00000000  c_w.l(libshutdown.o)
    0x00000232   0x00000000   Code   RO         2628    .ARM.Collect$$libshutdown$$00000003  c_w.l(libshutdown2.o)
    0x00000232   0x00000000   Code   RO         2631    .ARM.Collect$$libshutdown$$00000006  c_w.l(libshutdown2.o)
    0x00000232   0x00000000   Code   RO         2634    .ARM.Collect$$libshutdown$$00000009  c_w.l(libshutdown2.o)
    0x00000232   0x00000000   Code   RO         2636    .ARM.Collect$$libshutdown$$0000000B  c_w.l(libshutdown2.o)
    0x00000232   0x00000000   Code   RO         2639    .ARM.Collect$$libshutdown$$0000000E  c_w.l(libshutdown2.o)
    0x00000232   0x00000002   Code   RO         2640    .ARM.Collect$$libshutdown$$0000000F  c_w.l(libshutdown2.o)
    0x00000234   0x00000000   Code   RO         2305    .ARM.Collect$$rtentry$$00000000  c_w.l(rtentry.o)
    0x00000234   0x00000000   Code   RO         2427    .ARM.Collect$$rtentry$$00000002  c_w.l(rtentry2.o)
    0x00000234   0x00000006   Code   RO         2439    .ARM.Collect$$rtentry$$00000004  c_w.l(rtentry4.o)
    0x0000023a   0x00000000   Code   RO         2429    .ARM.Collect$$rtentry$$00000009  c_w.l(rtentry2.o)
    0x0000023a   0x00000004   Code   RO         2430    .ARM.Collect$$rtentry$$0000000A  c_w.l(rtentry2.o)
    0x0000023e   0x00000000   Code   RO         2432    .ARM.Collect$$rtentry$$0000000C  c_w.l(rtentry2.o)
    0x0000023e   0x00000008   Code   RO         2433    .ARM.Collect$$rtentry$$0000000D  c_w.l(rtentry2.o)
    0x00000246   0x00000002   Code   RO         2520    .ARM.Collect$$rtexit$$00000000  c_w.l(rtexit.o)
    0x00000248   0x00000000   Code   RO         2574    .ARM.Collect$$rtexit$$00000002  c_w.l(rtexit2.o)
    0x00000248   0x00000004   Code   RO         2575    .ARM.Collect$$rtexit$$00000003  c_w.l(rtexit2.o)
    0x0000024c   0x00000006   Code   RO         2576    .ARM.Collect$$rtexit$$00000004  c_w.l(rtexit2.o)
    0x00000252   0x00000010   Code   RO          344    .text               app_hooks.o
    0x00000262   0x00000002   PAD
    0x00000264   0x0000003c   Code   RO          368    .text               startup_lpc17xx.o
    0x000002a0   0x00000004   Code   RO          680    .text               lpc17xx_libcfg_default.o
    0x000002a4   0x00000044   Code   RO          995    .text               gpio_test.o
    0x000002e8   0x00000006   Code   RO         2257    .text               c_w.l(heapauxi.o)
    0x000002ee   0x0000000a   Code   RO         2329    .text               c_w.l(_sputc.o)
    0x000002f8   0x00000002   Code   RO         2590    .text               c_w.l(use_no_semi.o)
    0x000002fa   0x00000000   Code   RO         2592    .text               c_w.l(indicate_semi.o)
    0x000002fa   0x00000000   Code   RO         2422    x$fpl$usenofp       fz_ws.l(usenofp.o)
    0x000002fa   0x00000002   PAD
    0x000002fc   0x00000004   Code   RO          367    .ARM.__at_0x02FC    startup_lpc17xx.o
    0x00000300   0x00000d08   Code   RO            1    .text               os_core.o
    0x00001008   0x00000818   Code   RO           33    .text               os_flag.o
    0x00001820   0x000001e4   Code   RO           61    .text               os_mem.o
    0x00001a04   0x00000600   Code   RO           85    .text               os_q.o
    0x00002004   0x000003a4   Code   RO           97    .text               os_sem.o
    0x000023a8   0x00000830   Code   RO          109    .text               os_task.o
    0x00002bd8   0x000001b8   Code   RO          121    .text               os_time.o
    0x00002d90   0x00000670   Code   RO          133    .text               os_tmr.o
    0x00003400   0x0000015c   Code   RO          145    .text               os_dbg.o
    0x0000355c   0x00000190   Code   RO          168    .text               os_cpu_c.o
    0x000036ec   0x00000130   Code   RO          193    .text               app.o
    0x0000381c   0x000002b0   Code   RO          376    .text               system_lpc17xx.o
    0x00003acc   0x000004b0   Code   RO          402    .text               debug_frmwrk.o
    0x00003f7c   0x00000338   Code   RO          441    .text               lpc17xx_adc.o
    0x000042b4   0x00000150   Code   RO          493    .text               lpc17xx_clkpwr.o
    0x00004404   0x00000100   Code   RO          740    .text               lpc17xx_pinsel.o
    0x00004504   0x000006b0   Code   RO          872    .text               lpc17xx_ssp.o
    0x00004bb4   0x00000180   Code   RO          892    .text               lpc17xx_systick.o
    0x00004d34   0x00000660   Code   RO          912    .text               lpc17xx_timer.o
    0x00005394   0x00000e40   Code   RO          932    .text               lpc17xx_uart.o
    0x000061d4   0x00000230   Code   RO          955    .text               lpc17xx_wdt.o
    0x00006404   0x00000424   Code   RO          975    .text               lpc17xx_gpio.o
    0x00006828   0x000005bc   Code   RO         1021    .text               mx25l1602drv.o
    0x00006de4   0x00000138   Code   RO         1059    .text               gpio_app.o
    0x00006f1c   0x000003c8   Code   RO         1082    .text               uart1.o
    0x000072e4   0x0000032c   Code   RO         1110    .text               uart2.o
    0x00007610   0x000003a4   Code   RO         1138    .text               uart3.o
    0x000079b4   0x000006e0   Code   RO         1162    .text               uart0001.o
    0x00008094   0x00000160   Code   RO         1186    .text               uart0002.o
    0x000081f4   0x0000028c   Code   RO         1209    .text               uart0.o
    0x00008480   0x000000fc   Code   RO         1233    .text               adc.o
    0x0000857c   0x00000278   Code   RO         1257    .text               timer.o
    0x000087f4   0x000003c0   Code   RO         1279    .text               softuart-t3.o
    0x00008bb4   0x000000e8   Code   RO         1307    .text               crccheck.o
    0x00008c9c   0x00000156   Code   RO         1332    .text               fifo.o
    0x00008df2   0x00000002   PAD
    0x00008df4   0x000007f4   Code   RO         1375    .text               getdipprs.o
    0x000095e8   0x00000e60   Code   RO         1429    .text               dipcomoperate.o
    0x0000a448   0x000007a0   Code   RO         1455    .text               tmp.o
    0x0000abe8   0x00000288   Code   RO         1487    .text               tax2.o
    0x0000ae70   0x00000240   Code   RO         1514    .text               csnr.o
    0x0000b0b0   0x00000314   Code   RO         1538    .text               hdlc.o
    0x0000b3c4   0x00000140   Code   RO         1561    .text               com-csnr.o
    0x0000b504   0x00000074   Code   RO         1585    .text               dip_hig.o
    0x0000b578   0x00000c44   Code   RO         1609    .text               framstore.o
    0x0000c1bc   0x000005ec   Code   RO         1636    .text               display.o
    0x0000c7a8   0x0000031c   Code   RO         1663    .text               ds3231.o
    0x0000cac4   0x000002c8   Code   RO         1689    .text               led.o
    0x0000cd8c   0x00000028   Code   RO         1714    .text               watchdog.o
    0x0000cdb4   0x00000196   Code   RO         1736    .text               iic.o
    0x0000cf4a   0x00000136   Code   RO         1758    .text               softspi_17xx.o
    0x0000d080   0x00000068   Code   RO         1780    .text               flgmanager.o
    0x0000d0e8   0x000000f4   Code   RO         1803    .text               fram.o
    0x0000d1dc   0x000002c8   Code   RO         1828    .text               dealoilbox.o
    0x0000d4a4   0x00000264   Code   RO         1852    .text               storerec.o
    0x0000d708   0x000009f8   Code   RO         1875    .text               mathdipval.o
    0x0000e100   0x00000a50   Code   RO         1932    .text               card.o
    0x0000eb50   0x00000504   Code   RO         1960    .text               datacard.o
    0x0000f054   0x00000504   Code   RO         1997    .text               operatecard.o
    0x0000f558   0x0000049e   Code   RO         2022    .text               paracard.o
    0x0000f9f6   0x00000002   PAD
    0x0000f9f8   0x0000058c   Code   RO         2068    .text               equimentoperate.o
    0x0000ff84   0x0000060c   Code   RO         2093    .text               equimentcom.o
    0x00010590   0x000001b0   Code   RO         2117    .text               storespeed.o
    0x00010740   0x000001ac   Code   RO         2139    .text               speed1.o
    0x000108ec   0x00000160   Code   RO         2163    .text               speed2.o
    0x00010a4c   0x00000090   Code   RO         2187    .text               mstcsspeed.o
    0x00010adc   0x00000124   Code   RO         2211    .text               locoworksta.o
    0x00010c00   0x000000ee   Code   RO         2235    .text               c_w.l(lludivv7m.o)
    0x00010cee   0x00000002   PAD
    0x00010cf0   0x00000024   Code   RO         2237    .text               c_w.l(c89vsprintf.o)
    0x00010d14   0x00000058   Code   RO         2243    .text               c_w.l(memcmp.o)
    0x00010d6c   0x0000003e   Code   RO         2247    .text               c_w.l(strlen.o)
    0x00010daa   0x0000008a   Code   RO         2249    .text               c_w.l(rt_memcpy_v6.o)
    0x00010e34   0x00000064   Code   RO         2251    .text               c_w.l(rt_memcpy_w.o)
    0x00010e98   0x0000004e   Code   RO         2253    .text               c_w.l(rt_memclr_w.o)
    0x00010ee6   0x00000002   PAD
    0x00010ee8   0x00000080   Code   RO         2255    .text               c_w.l(strcmpv7m.o)
    0x00010f68   0x00000052   Code   RO         2317    .text               c_w.l(_printf_pad.o)
    0x00010fba   0x00000024   Code   RO         2319    .text               c_w.l(_printf_truncate.o)
    0x00010fde   0x00000052   Code   RO         2321    .text               c_w.l(_printf_str.o)
    0x00011030   0x00000078   Code   RO         2323    .text               c_w.l(_printf_dec.o)
    0x000110a8   0x0000002a   Code   RO         2325    .text               c_w.l(_printf_charcount.o)
    0x000110d2   0x00000002   PAD
    0x000110d4   0x00000030   Code   RO         2327    .text               c_w.l(_printf_char_common.o)
    0x00011104   0x000000bc   Code   RO         2331    .text               c_w.l(_printf_wctomb.o)
    0x000111c0   0x00000078   Code   RO         2334    .text               c_w.l(_printf_longlong_dec.o)
    0x00011238   0x00000078   Code   RO         2340    .text               c_w.l(_printf_oct_int_ll.o)
    0x000112b0   0x0000009c   Code   RO         2360    .text               c_w.l(_printf_hex_int_ll_ptr.o)
    0x0001134c   0x0000018c   Code   RO         2380    .text               c_w.l(__printf_flags_ss_wp.o)
    0x000114d8   0x00000008   Code   RO         2423    .text               c_w.l(libspace.o)
    0x000114e0   0x00000010   Code   RO         2441    .text               c_w.l(rt_ctype_table.o)
    0x000114f0   0x0000008a   Code   RO         2445    .text               c_w.l(lludiv10.o)
    0x0001157a   0x000000b8   Code   RO         2447    .text               c_w.l(_printf_intcommon.o)
    0x00011632   0x00000420   Code   RO         2449    .text               c_w.l(_printf_fp_dec.o)
    0x00011a52   0x0000002c   Code   RO         2453    .text               c_w.l(_printf_char.o)
    0x00011a7e   0x0000002c   Code   RO         2455    .text               c_w.l(_printf_wchar.o)
    0x00011aaa   0x00000040   Code   RO         2460    .text               c_w.l(_wcrtomb.o)
    0x00011aea   0x0000004a   Code   RO         2462    .text               c_w.l(sys_stackheap_outer.o)
    0x00011b34   0x00000008   Code   RO         2467    .text               c_w.l(rt_locale_intlibspace.o)
    0x00011b3c   0x00000080   Code   RO         2469    .text               c_w.l(_printf_fp_infnan.o)
    0x00011bbc   0x000000e4   Code   RO         2473    .text               c_w.l(bigflt0.o)
    0x00011ca0   0x0000000c   Code   RO         2504    .text               c_w.l(exit.o)
    0x00011cac   0x0000000c   Code   RO         2571    .text               c_w.l(sys_exit.o)
    0x00011cb8   0x0000003e   Code   RO         2476    CL$$btod_d2e        c_w.l(btod.o)
    0x00011cf6   0x00000046   Code   RO         2478    CL$$btod_d2e_denorm_low  c_w.l(btod.o)
    0x00011d3c   0x00000060   Code   RO         2477    CL$$btod_d2e_norm_op1  c_w.l(btod.o)
    0x00011d9c   0x00000338   Code   RO         2486    CL$$btod_div_common  c_w.l(btod.o)
    0x000120d4   0x000000c6   Code   RO         2483    CL$$btod_e2e        c_w.l(btod.o)
    0x0001219a   0x00000028   Code   RO         2480    CL$$btod_ediv       c_w.l(btod.o)
    0x000121c2   0x00000028   Code   RO         2479    CL$$btod_emul       c_w.l(btod.o)
    0x000121ea   0x00000244   Code   RO         2485    CL$$btod_mult_common  c_w.l(btod.o)
    0x0001242e   0x00000002   PAD
    0x00012430   0x000000a0   Code   RO          164    OSKernelschedular   os_cpu_a.o
    0x000124d0   0x00000028   Code   RO         2518    i.__ARM_fpclassify  m_ws.l(fpclassify.o)
    0x000124f8   0x0000000e   Code   RO         2373    i._is_digit         c_w.l(__printf_wp.o)
    0x00012506   0x00000002   PAD
    0x00012508   0x0000002c   Code   RO         2499    locale$$code        c_w.l(lc_ctype_c.o)
    0x00012534   0x0000002c   Code   RO         2502    locale$$code        c_w.l(lc_numeric_c.o)
    0x00012560   0x00000018   Code   RO         2408    x$fpl$dcmpinf       fz_ws.l(dcmpi.o)
    0x00012578   0x0000002e   Code   RO         2262    x$fpl$dflt          fz_ws.l(dflt_clz.o)
    0x000125a6   0x00000002   PAD
    0x000125a8   0x00000078   Code   RO         2267    x$fpl$dleqf         fz_ws.l(dleqf.o)
    0x00012620   0x0000009c   Code   RO         2410    x$fpl$dnaninf       fz_ws.l(dnaninf.o)
    0x000126bc   0x0000000c   Code   RO         2412    x$fpl$dretinf       fz_ws.l(dretinf.o)
    0x000126c8   0x0000006c   Code   RO         2269    x$fpl$drleqf        fz_ws.l(drleqf.o)
    0x00012734   0x00000056   Code   RO         2271    x$fpl$f2d           fz_ws.l(f2d.o)
    0x0001278a   0x00000002   PAD
    0x0001278c   0x000000c4   Code   RO         2273    x$fpl$fadd          fz_ws.l(faddsub_clz.o)
    0x00012850   0x00000018   Code   RO         2414    x$fpl$fcmpinf       fz_ws.l(fcmpi.o)
    0x00012868   0x00000184   Code   RO         2280    x$fpl$fdiv          fz_ws.l(fdiv.o)
    0x000129ec   0x00000068   Code   RO         2283    x$fpl$feqf          fz_ws.l(feqf.o)
    0x00012a54   0x00000036   Code   RO         2285    x$fpl$ffix          fz_ws.l(ffix.o)
    0x00012a8a   0x00000002   PAD
    0x00012a8c   0x0000003e   Code   RO         2289    x$fpl$ffixu         fz_ws.l(ffixu.o)
    0x00012aca   0x00000002   PAD
    0x00012acc   0x00000030   Code   RO         2294    x$fpl$fflt          fz_ws.l(fflt_clz.o)
    0x00012afc   0x00000026   Code   RO         2293    x$fpl$ffltu         fz_ws.l(fflt_clz.o)
    0x00012b22   0x00000002   PAD
    0x00012b24   0x00000068   Code   RO         2299    x$fpl$fleqf         fz_ws.l(fleqf.o)
    0x00012b8c   0x00000102   Code   RO         2301    x$fpl$fmul          fz_ws.l(fmul.o)
    0x00012c8e   0x0000008c   Code   RO         2416    x$fpl$fnaninf       fz_ws.l(fnaninf.o)
    0x00012d1a   0x0000000a   Code   RO         2418    x$fpl$fretinf       fz_ws.l(fretinf.o)
    0x00012d24   0x00000062   Code   RO         2303    x$fpl$frleqf        fz_ws.l(frleqf.o)
    0x00012d86   0x00000002   PAD
    0x00012d88   0x000000ea   Code   RO         2275    x$fpl$fsub          fz_ws.l(faddsub_clz.o)
    0x00012e72   0x00000004   Code   RO         2420    x$fpl$printf1       fz_ws.l(printf1.o)
    0x00012e76   0x00000100   Data   RO            3    .constdata          os_core.o
    0x00012f76   0x00000002   PAD
    0x00012f78   0x00000072   Data   RO          146    .constdata          os_dbg.o
    0x00012fea   0x00000002   PAD
    0x00012fec   0x0000005a   Data   RO          195    .constdata          app.o
    0x00013046   0x00000002   PAD
    0x00013048   0x0000003c   Data   RO         1061    .constdata          gpio_app.o
    0x00013084   0x00000220   Data   RO         1309    .constdata          crccheck.o
    0x000132a4   0x0000017c   Data   RO         1431    .constdata          dipcomoperate.o
    0x00013420   0x00000570   Data   RO         1587    .constdata          dip_hig.o
    0x00013990   0x00000030   Data   RO         1691    .constdata          led.o
    0x000139c0   0x00000008   Data   RO         2332    .constdata          c_w.l(_printf_wctomb.o)
    0x000139c8   0x00000028   Data   RO         2361    .constdata          c_w.l(_printf_hex_int_ll_ptr.o)
    0x000139f0   0x00000011   Data   RO         2381    .constdata          c_w.l(__printf_flags_ss_wp.o)
    0x00013a01   0x00000003   PAD
    0x00013a04   0x00000094   Data   RO         2474    .constdata          c_w.l(bigflt0.o)
    0x00013a98   0x00000020   Data   RO         2641    Region$$Table       anon$$obj.o
    0x00013ab8   0x00000110   Data   RO         2498    locale$$data        c_w.l(lc_ctype_c.o)
    0x00013bc8   0x0000001c   Data   RO         2501    locale$$data        c_w.l(lc_numeric_c.o)


    Execution Region RW_IRAM1 (Base: 0x10000000, Size: 0x00006d28, Max: 0x00008000, ABSOLUTE, COMPRESSED[0x0000031c])

    Base Addr    Size         Type   Attr      Idx    E Section Name        Object

    0x10000000   0x00000060   Data   RW            4    .data               os_core.o
    0x10000060   0x00000006   Data   RW          170    .data               os_cpu_c.o
    0x10000066   0x00000002   PAD
    0x10000068   0x00000004   Data   RW          196    .data               app.o
    0x1000006c   0x00000004   Data   RW          377    .data               system_lpc17xx.o
    0x10000070   0x00000028   Data   RW          403    .data               debug_frmwrk.o
    0x10000098   0x00000001   Data   RW         1023    .data               mx25l1602drv.o
    0x10000099   0x00000003   PAD
    0x1000009c   0x00000010   Data   RW         1084    .data               uart1.o
    0x100000ac   0x00000010   Data   RW         1112    .data               uart2.o
    0x100000bc   0x00000016   Data   RW         1140    .data               uart3.o
    0x100000d2   0x00000002   PAD
    0x100000d4   0x00000024   Data   RW         1164    .data               uart0001.o
    0x100000f8   0x00000004   Data   RW         1188    .data               uart0002.o
    0x100000fc   0x0000000d   Data   RW         1211    .data               uart0.o
    0x10000109   0x00000003   PAD
    0x1000010c   0x00000010   Data   RW         1235    .data               adc.o
    0x1000011c   0x0000002c   Data   RW         1281    .data               softuart-t3.o
    0x10000148   0x00000200   Data   RW         1310    .data               crccheck.o
    0x10000348   0x00000020   Data   RW         1355    .data               globepara.o
    0x10000368   0x00000058   Data   RW         1377    .data               getdipprs.o
    0x100003c0   0x0000002c   Data   RW         1432    .data               dipcomoperate.o
    0x100003ec   0x0000001d   Data   RW         1457    .data               tmp.o
    0x10000409   0x00000003   PAD
    0x1000040c   0x00000014   Data   RW         1489    .data               tax2.o
    0x10000420   0x00000002   Data   RW         1516    .data               csnr.o
    0x10000422   0x00000002   PAD
    0x10000424   0x00000014   Data   RW         1540    .data               hdlc.o
    0x10000438   0x00000008   Data   RW         1563    .data               com-csnr.o
    0x10000440   0x00000004   Data   RW         1611    .data               framstore.o
    0x10000444   0x00000080   Data   RW         1638    .data               display.o
    0x100004c4   0x00000004   Data   RW         1665    .data               ds3231.o
    0x100004c8   0x000000c8   Data   RW         1692    .data               led.o
    0x10000590   0x00000322   Data   RW         1830    .data               dealoilbox.o
    0x100008b2   0x00000002   PAD
    0x100008b4   0x00000008   Data   RW         1854    .data               storerec.o
    0x100008bc   0x00000058   Data   RW         1877    .data               mathdipval.o
    0x10000914   0x00000026   Data   RW         1934    .data               card.o
    0x1000093a   0x00000001   Data   RW         1962    .data               datacard.o
    0x1000093b   0x00000001   PAD
    0x1000093c   0x00000010   Data   RW         1999    .data               operatecard.o
    0x1000094c   0x00000008   Data   RW         2070    .data               equimentoperate.o
    0x10000954   0x00000038   Data   RW         2095    .data               equimentcom.o
    0x1000098c   0x00000034   Data   RW         2141    .data               speed1.o
    0x100009c0   0x00000028   Data   RW         2165    .data               speed2.o
    0x100009e8   0x00000020   Data   RW         2189    .data               mstcsspeed.o
    0x10000a08   0x00000008   Data   RW         2213    .data               locoworksta.o
    0x10000a10   0x00001368   Zero   RW            2    .bss                os_core.o
    0x10001d78   0x00000200   Zero   RW          169    .bss                os_cpu_c.o
    0x10001f78   0x0000030c   Zero   RW         1083    .bss                uart1.o
    0x10002284   0x0000030c   Zero   RW         1111    .bss                uart2.o
    0x10002590   0x0000040c   Zero   RW         1139    .bss                uart3.o
    0x1000299c   0x00000240   Zero   RW         1163    .bss                uart0001.o
    0x10002bdc   0x00000218   Zero   RW         1187    .bss                uart0002.o
    0x10002df4   0x0000030c   Zero   RW         1210    .bss                uart0.o
    0x10003100   0x0000030c   Zero   RW         1280    .bss                softuart-t3.o
    0x1000340c   0x00000248   Zero   RW         1488    .bss                tax2.o
    0x10003654   0x00000390   Zero   RW         1637    .bss                display.o
    0x100039e4   0x00000214   Zero   RW         1781    .bss                flgmanager.o
    0x10003bf8   0x00000558   Zero   RW         1876    .bss                mathdipval.o
    0x10004150   0x00002974   Zero   RW         2045    .bss                cardtest.o
    0x10006ac4   0x00000060   Zero   RW         2424    .bss                c_w.l(libspace.o)
    0x10006b24   0x00000004   PAD
    0x10006b28   0x00000000   Zero   RW          365    HEAP                startup_lpc17xx.o
    0x10006b28   0x00000200   Zero   RW          364    STACK               startup_lpc17xx.o


==============================================================================

Image component sizes


      Code (inc. data)   RO Data    RW Data    ZI Data      Debug   Object Name

       252         30          0         16          0       1460   adc.o
       304         32         90          4          0      52956   app.o
        16          0          0          0          0       1282   app_hooks.o
      2640         76          0         38          0      11974   card.o
         0          0          0          0      10612       3909   cardtest.o
       320         28          0          8          0       2377   com-csnr.o
       232         18        544        512          0       2458   crccheck.o
       576         10          0          2          0       2401   csnr.o
      1284        140          0          1          0       6041   datacard.o
       712         52          0        802          0       5988   dealoilbox.o
      1200         74          0         40          0       5488   debug_frmwrk.o
       116          4       1392          0          0       1477   dip_hig.o
      3680        680        380         44          0       7076   dipcomoperate.o
      1516         58          0        128        912       6936   display.o
       796        112          0          4          0       3471   ds3231.o
      1548        278          0         56          0       6059   equimentcom.o
      1420        398          0          8          0       3708   equimentoperate.o
       342          0          0          0          0       3234   fifo.o
       104         10          0          0        532       1429   flgmanager.o
       244          0          0          0          0       2039   fram.o
      3140        768          0          4          0      10709   framstore.o
      2036        160          0         88          0       8981   getdipprs.o
         0          0          0         32          0        656   globepara.o
       312          6         60          0          0       1982   gpio_app.o
        68         10          0          0          0      24247   gpio_test.o
       788         40          0         20          0       3507   hdlc.o
       406          0          0          0          0       2408   iic.o
       712         18         48        200          0       2959   led.o
       292          8          0          8          0       1988   locoworksta.o
       824         36          0          0          0       8412   lpc17xx_adc.o
       336         32          0          0          0       1795   lpc17xx_clkpwr.o
      1060         62          0          0          0       8299   lpc17xx_gpio.o
         4          0          0          0          0        819   lpc17xx_libcfg_default.o
       256          4          0          0          0       2189   lpc17xx_pinsel.o
      1712         50          0          0          0       6112   lpc17xx_ssp.o
       384         38          0          0          0       1576   lpc17xx_systick.o
      1632         58          0          0          0       5271   lpc17xx_timer.o
      3648         96          0          0          0      19293   lpc17xx_uart.o
       560         42          0          0          0       2023   lpc17xx_wdt.o
      2552        236          0         88       1368       8351   mathdipval.o
       144         22          0         32          0       2087   mstcsspeed.o
      1468         34          0          1          0       8104   mx25l1602drv.o
      1284        176          0         16          0       3526   operatecard.o
      3336        274        256         96       4968      21223   os_core.o
       160         28          0          0          0        368   os_cpu_a.o
       400         30          0          6        512      12394   os_cpu_c.o
       348        230        114          0          0      12108   os_dbg.o
      2072         40          0          0          0      15427   os_flag.o
       484         16          0          0          0       3136   os_mem.o
      1536         36          0          0          0       5557   os_q.o
       932         22          0          0          0       3902   os_sem.o
      2096         70          0          0          0       7597   os_task.o
       440         30          0          0          0       1782   os_time.o
      1648        134          0          0          0       5537   os_tmr.o
      1182         92          0          0          0       4892   paracard.o
       310          0          0          0          0       2316   softspi_17xx.o
       960         96          0         44        780      28245   softuart-t3.o
       428         46          0         52          0       3141   speed1.o
       352         46          0         40          0       2430   speed2.o
        64         26        204          0        512        924   startup_lpc17xx.o
       612         48          0          8          0       2517   storerec.o
       432        106          0          0          0       1950   storespeed.o
       688         80          0          4          0       2229   system_lpc17xx.o
       648         46          0         20        584       4942   tax2.o
       632        100          0          0          0       1670   timer.o
      1952        314          0         29          0       5845   tmp.o
       652         50          0         13        780       4115   uart0.o
      1760        162          0         36        576       6117   uart0001.o
       352         46          0          4        536       2230   uart0002.o
       968         62          0         16        780      28462   uart1.o
       812         60          0         16        780      28078   uart2.o
       932         70          0         22       1036       4848   uart3.o
        40          6          0          0          0        736   watchdog.o

    ----------------------------------------------------------------------
     68154       6262       3126       2576      25268     491775   Object Totals
         0          0         32          0          0          0   (incl. Generated)
         6          0          6         18          0          0   (incl. Padding)

    ----------------------------------------------------------------------

      Code (inc. data)   RO Data    RW Data    ZI Data      Debug   Library Member Name

        90          0          0          0          0          0   __dczerorl2.o
         8          0          0          0          0         68   __main.o
       396          6         17          0          0         92   __printf_flags_ss_wp.o
        14          0          0          0          0         68   __printf_wp.o
        52          8          0          0          0          0   __scatter.o
        28          0          0          0          0          0   __scatter_zi.o
         6          0          0          0          0          0   _printf_a.o
         6          0          0          0          0          0   _printf_c.o
        44          0          0          0          0        108   _printf_char.o
        48          6          0          0          0         96   _printf_char_common.o
        42          0          0          0          0         68   _printf_charcount.o
         6          0          0          0          0          0   _printf_d.o
       120         18          0          0          0         92   _printf_dec.o
         6          0          0          0          0          0   _printf_e.o
         6          0          0          0          0          0   _printf_f.o
      1056          0          0          0          0        216   _printf_fp_dec.o
       128         16          0          0          0         84   _printf_fp_infnan.o
         6          0          0          0          0          0   _printf_g.o
       156          6         40          0          0        160   _printf_hex_int_ll_ptr.o
         6          0          0          0          0          0   _printf_i.o
       184          0          0          0          0         88   _printf_intcommon.o
        10          0          0          0          0          0   _printf_l.o
         6          0          0          0          0          0   _printf_lc.o
        10          0          0          0          0          0   _printf_ll.o
         6          0          0          0          0          0   _printf_lld.o
         6          0          0          0          0          0   _printf_lli.o
         6          0          0          0          0          0   _printf_llo.o
         6          0          0          0          0          0   _printf_llu.o
         6          0          0          0          0          0   _printf_llx.o
       120         16          0          0          0         92   _printf_longlong_dec.o
         6          0          0          0          0          0   _printf_ls.o
         6          0          0          0          0          0   _printf_n.o
         6          0          0          0          0          0   _printf_o.o
       120          8          0          0          0        124   _printf_oct_int_ll.o
         6          0          0          0          0          0   _printf_p.o
        82          0          0          0          0        108   _printf_pad.o
         0          0          0          0          0          0   _printf_percent.o
         4          0          0          0          0          0   _printf_percent_end.o
         6          0          0          0          0          0   _printf_s.o
        82          0          0          0          0         80   _printf_str.o
        36          0          0          0          0         84   _printf_truncate.o
         6          0          0          0          0          0   _printf_u.o
        44          0          0          0          0        108   _printf_wchar.o
       188          6          8          0          0         92   _printf_wctomb.o
         6          0          0          0          0          0   _printf_x.o
        10          0          0          0          0         68   _sputc.o
        64          0          0          0          0         92   _wcrtomb.o
       228          6        148          0          0         96   bigflt0.o
      1910        128          0          0          0        672   btod.o
        36          4          0          0          0         76   c89vsprintf.o
        12          0          0          0          0         72   exit.o
         6          0          0          0          0        152   heapauxi.o
         0          0          0          0          0          0   indicate_semi.o
        44         10        272          0          0         76   lc_ctype_c.o
        44         10         28          0          0         76   lc_numeric_c.o
         2          0          0          0          0          0   libinit.o
        30          0          0          0          0          0   libinit2.o
         2          0          0          0          0          0   libshutdown.o
         2          0          0          0          0          0   libshutdown2.o
         8          4          0          0         96         68   libspace.o
       138          0          0          0          0         80   lludiv10.o
       238          0          0          0          0        100   lludivv7m.o
        88          0          0          0          0         76   memcmp.o
        16          4          0          0          0         76   rt_ctype_table.o
         8          4          0          0          0         68   rt_locale_intlibspace.o
        78          0          0          0          0         80   rt_memclr_w.o
       138          0          0          0          0         68   rt_memcpy_v6.o
       100          0          0          0          0         80   rt_memcpy_w.o
         0          0          0          0          0          0   rtentry.o
        12          0          0          0          0          0   rtentry2.o
         6          0          0          0          0          0   rtentry4.o
         2          0          0          0          0          0   rtexit.o
        10          0          0          0          0          0   rtexit2.o
       128          0          0          0          0         68   strcmpv7m.o
        62          0          0          0          0         76   strlen.o
        12          4          0          0          0         68   sys_exit.o
        74          0          0          0          0         80   sys_stackheap_outer.o
         2          0          0          0          0         68   use_no_semi.o
        24          0          0          0          0         68   dcmpi.o
        46          0          0          0          0         68   dflt_clz.o
       120          4          0          0          0         92   dleqf.o
       156          4          0          0          0         92   dnaninf.o
        12          0          0          0          0         68   dretinf.o
       108          0          0          0          0         80   drleqf.o
        86          4          0          0          0         84   f2d.o
       430          8          0          0          0        168   faddsub_clz.o
        24          0          0          0          0         68   fcmpi.o
       388         76          0          0          0         96   fdiv.o
       104          4          0          0          0         84   feqf.o
        54          4          0          0          0         84   ffix.o
        62          4          0          0          0         84   ffixu.o
        86          0          0          0          0        136   fflt_clz.o
       104          4          0          0          0         84   fleqf.o
       258          4          0          0          0         84   fmul.o
       140          4          0          0          0         84   fnaninf.o
        10          0          0          0          0         68   fretinf.o
        98          0          0          0          0         68   frleqf.o
         4          0          0          0          0         68   printf1.o
         0          0          0          0          0          0   usenofp.o
        40          0          0          0          0         68   fpclassify.o

    ----------------------------------------------------------------------
      9072        384        516          0        100       6060   Library Totals
        26          0          3          0          4          0   (incl. Padding)

    ----------------------------------------------------------------------

      Code (inc. data)   RO Data    RW Data    ZI Data      Debug   Library Name

      6692        264        513          0         96       4264   c_w.l
      2314        120          0          0          0       1728   fz_ws.l
        40          0          0          0          0         68   m_ws.l

    ----------------------------------------------------------------------
      9072        384        516          0        100       6060   Library Totals

    ----------------------------------------------------------------------

==============================================================================


      Code (inc. data)   RO Data    RW Data    ZI Data      Debug   

     77226       6646       3642       2576      25368     486915   Grand Totals
     77226       6646       3642        796      25368     486915   ELF Image Totals (compressed)
     77226       6646       3642        796          0          0   ROM Totals

==============================================================================

    Total RO  Size (Code + RO Data)                80868 (  78.97kB)
    Total RW  Size (RW Data + ZI Data)             27944 (  27.29kB)
    Total ROM Size (Code + RO Data + RW Data)      81664 (  79.75kB)

==============================================================================

