Component: ARM Compiler 5.06 update 4 (build 422) Tool: armlink [4d35d2]

==============================================================================

Section Cross References

    os_core.o(.text) refers to os_cpu_a.o(OSKernelschedular) for OS_CPU_SR_Save
    os_core.o(.text) refers to os_core.o(.data) for OSIntNesting
    os_core.o(.text) refers to os_core.o(.constdata) for OSUnMapTbl
    os_core.o(.text) refers to os_core.o(.bss) for OSTCBPrioTbl
    os_core.o(.text) refers to os_task.o(.text) for OSTaskStkChk
    os_core.o(.text) refers to os_time.o(.text) for OSTimeDly
    os_core.o(.text) refers to os_cpu_c.o(.text) for OSTaskStatHook
    os_core.o(.text) refers to os_flag.o(.text) for OS_FlagInit
    os_core.o(.text) refers to os_mem.o(.text) for OS_MemInit
    os_core.o(.text) refers to os_q.o(.text) for OS_QInit
    os_core.o(.text) refers to os_tmr.o(.text) for OSTmr_Init
    os_core.o(.text) refers to os_dbg.o(.text) for OSDebugInit
    os_flag.o(.text) refers to os_cpu_a.o(OSKernelschedular) for OS_CPU_SR_Save
    os_flag.o(.text) refers to os_core.o(.text) for OS_Sched
    os_flag.o(.text) refers to os_core.o(.data) for OSIntNesting
    os_flag.o(.text) refers to os_core.o(.bss) for OSFlagTbl
    os_mbox.o(.text) refers to os_cpu_a.o(OSKernelschedular) for OS_CPU_SR_Save
    os_mbox.o(.text) refers to os_core.o(.text) for OS_EventWaitListInit
    os_mbox.o(.text) refers to os_core.o(.data) for OSIntNesting
    os_mem.o(.text) refers to os_cpu_a.o(OSKernelschedular) for OS_CPU_SR_Save
    os_mem.o(.text) refers to os_core.o(.text) for OS_StrLen
    os_mem.o(.text) refers to os_core.o(.data) for OSMemFreeList
    os_mem.o(.text) refers to os_core.o(.bss) for OSMemTbl
    os_mutex.o(.text) refers to os_cpu_a.o(OSKernelschedular) for OS_CPU_SR_Save
    os_mutex.o(.text) refers to os_core.o(.text) for OS_EventWaitListInit
    os_mutex.o(.text) refers to os_core.o(.data) for OSIntNesting
    os_mutex.o(.text) refers to os_core.o(.bss) for OSTCBPrioTbl
    os_q.o(.text) refers to os_cpu_a.o(OSKernelschedular) for OS_CPU_SR_Save
    os_q.o(.text) refers to os_core.o(.text) for OS_EventWaitListInit
    os_q.o(.text) refers to os_core.o(.data) for OSIntNesting
    os_q.o(.text) refers to os_core.o(.bss) for OSQTbl
    os_sem.o(.text) refers to os_cpu_a.o(OSKernelschedular) for OS_CPU_SR_Save
    os_sem.o(.text) refers to os_core.o(.text) for OS_EventWaitListInit
    os_sem.o(.text) refers to os_core.o(.data) for OSIntNesting
    os_task.o(.text) refers to os_cpu_a.o(OSKernelschedular) for OS_CPU_SR_Save
    os_task.o(.text) refers to os_core.o(.text) for OS_Sched
    os_task.o(.text) refers to os_cpu_c.o(.text) for OSTaskStkInit
    os_task.o(.text) refers to os_flag.o(.text) for OS_FlagUnlink
    os_task.o(.text) refers to os_core.o(.bss) for OSTCBPrioTbl
    os_task.o(.text) refers to os_core.o(.data) for OSTCBCur
    os_time.o(.text) refers to os_cpu_a.o(OSKernelschedular) for OS_CPU_SR_Save
    os_time.o(.text) refers to os_core.o(.text) for OS_Sched
    os_time.o(.text) refers to os_core.o(.data) for OSIntNesting
    os_time.o(.text) refers to os_core.o(.bss) for OSTCBPrioTbl
    os_tmr.o(.text) refers to os_core.o(.text) for OSSchedLock
    os_tmr.o(.text) refers to os_core.o(.data) for OSTmrFreeList
    os_tmr.o(.text) refers to os_core.o(.bss) for OSTmrWheelTbl
    os_tmr.o(.text) refers to os_sem.o(.text) for OSSemPost
    os_tmr.o(.text) refers to os_task.o(.text) for OSTaskCreateExt
    os_dbg.o(.text) refers to os_dbg.o(.constdata) for OSDebugEn
    os_dbg.o(.text) refers to os_core.o(.bss) for OSTmrTbl
    os_cpu_a.o(OSKernelschedular) refers to os_core.o(.data) for OSRunning
    os_cpu_c.o(.text) refers to app_hooks.o(.text) for App_TaskCreateHook
    os_cpu_c.o(.text) refers to os_tmr.o(.text) for OSTmrSignal
    os_cpu_c.o(.text) refers to tmp.o(.text) for HoldTask
    os_cpu_c.o(.text) refers to os_cpu_a.o(OSKernelschedular) for OS_CPU_SR_Save
    os_cpu_c.o(.text) refers to os_core.o(.text) for OSTimeTick
    os_cpu_c.o(.text) refers to os_cpu_c.o(.bss) for OS_CPU_ExceptStk
    os_cpu_c.o(.text) refers to os_cpu_c.o(.data) for OS_CPU_ExceptStkBase
    os_cpu_c.o(.text) refers to os_task.o(.text) for OS_TaskReturn
    os_cpu_c.o(.text) refers to os_core.o(.data) for OSIntNesting
    app.o(.text) refers to tmp.o(.text) for DisplayDipVal
    app.o(.text) refers to dipcomoperate.o(.text) for Diptask
    app.o(.text) refers to framstore.o(.text) for GetSysRunPara
    app.o(.text) refers to gpio_app.o(.text) for GetSysTime
    app.o(.text) refers to debug_frmwrk.o(.text) for printfcom0
    app.o(.text) refers to locoworksta.o(.text) for GetMyLocoWorkState
    app.o(.text) refers to mstcsspeed.o(.text) for GetMyEngRotSpd
    app.o(.text) refers to speed2.o(.text) for GetMySpeed2
    app.o(.text) refers to speed1.o(.text) for GetMySpeed1
    app.o(.text) refers to getdipprs.o(.text) for GetMyDip2Tmp
    app.o(.text) refers to system_lpc17xx.o(.text) for SystemInit
[...]
    GetToEndLen                              0x0000e9bf   Thumb Code    22  card.o(.text)
    PlugCard                                 0x0000e9d5   Thumb Code    80  card.o(.text)
    HoldCard                                 0x0000ea25   Thumb Code     8  card.o(.text)
    GetPlugTime                              0x0000ea2d   Thumb Code     6  card.o(.text)
    GetPlugFlg                               0x0000ea33   Thumb Code    28  card.o(.text)
    ResetPlugFlgEvt                          0x0000ea4f   Thumb Code     2  card.o(.text)
    LongTimePlugCard                         0x0000ea51   Thumb Code    32  card.o(.text)
    GetLongTimePlugCardErrFlg                0x0000ea71   Thumb Code     6  card.o(.text)
    PlugICCard                               0x0000ea77   Thumb Code   136  card.o(.text)
    GetCardErrorFlg                          0x0000eaff   Thumb Code     6  card.o(.text)
    JudgeCardError                           0x0000eb05   Thumb Code    20  card.o(.text)
    GetWritePageLen                          0x0000eb39   Thumb Code    46  datacard.o(.text)
    FlshRecToCardRec                         0x0000eb67   Thumb Code    36  datacard.o(.text)
    ReadCardDisplay                          0x0000eb8b   Thumb Code    34  datacard.o(.text)
    StoreCardRec                             0x0000ebad   Thumb Code   130  datacard.o(.text)
    GetReadFlshRecCnt                        0x0000ec2f   Thumb Code    34  datacard.o(.text)
    IndicateWriteCardFinsh                   0x0000ec51   Thumb Code    34  datacard.o(.text)
    IndicateWriteCardFlgErr                  0x0000ec73   Thumb Code    44  datacard.o(.text)
    IndicateUSBFlgErr                        0x0000ec9f   Thumb Code    44  datacard.o(.text)
    IndicateRecordFinsh                      0x0000eccb   Thumb Code    48  datacard.o(.text)
    IndicateCardFull                         0x0000ecfb   Thumb Code    42  datacard.o(.text)
    IndicateWriteNoFinsh                     0x0000ed25   Thumb Code    32  datacard.o(.text)
    DataCard                                 0x0000ed45   Thumb Code   554  datacard.o(.text)
    DataCardPartRead                         0x0000ef6f   Thumb Code   118  datacard.o(.text)
    GetUnFihCardEvtFlg                       0x0000efe5   Thumb Code     6  datacard.o(.text)
    ResetUnFihCardEvtFlg                     0x0000efeb   Thumb Code     8  datacard.o(.text)
    ReadCopyCardDisplay                      0x0000eff3   Thumb Code    32  datacard.o(.text)
    GetCardMaxRecNum                         0x0000f013   Thumb Code    18  datacard.o(.text)
    ReadCardFlg                              0x0000f03d   Thumb Code    86  operatecard.o(.text)
    WriteCardFlg                             0x0000f093   Thumb Code     2  operatecard.o(.text)
    IndicatePullOutCard                      0x0000f095   Thumb Code    22  operatecard.o(.text)
    IndicateCardTypErr                       0x0000f0ab   Thumb Code    46  operatecard.o(.text)
    IndicateCardNoSet                        0x0000f0d9   Thumb Code    46  operatecard.o(.text)
    IndicateCardNoDef                        0x0000f107   Thumb Code    46  operatecard.o(.text)
    OperationCard                            0x0000f135   Thumb Code   794  operatecard.o(.text)
    CardTask                                 0x0000f44f   Thumb Code   186  operatecard.o(.text)
    JudgeCardEvt                             0x0000f509   Thumb Code    64  operatecard.o(.text)
    SetSucceedIndicate                       0x0000f549   Thumb Code     2  paracard.o(.text)
    StoreErrIndicate                         0x0000f54b   Thumb Code    24  paracard.o(.text)
    CrcCheckErrIndicate                      0x0000f563   Thumb Code    24  paracard.o(.text)
    ModCard                                  0x0000f57b   Thumb Code    94  paracard.o(.text)
    ReadCardPara                             0x0000f5d9   Thumb Code    40  paracard.o(.text)
    WriteCardPara                            0x0000f601   Thumb Code    32  paracard.o(.text)
    GetCardDensityVal                        0x0000f621   Thumb Code    86  paracard.o(.text)
    DensityCard                              0x0000f677   Thumb Code    86  paracard.o(.text)
    DenDataCard                              0x0000f6cd   Thumb Code    28  paracard.o(.text)
    SetDataCard                              0x0000f6e9   Thumb Code    16  paracard.o(.text)
    HightCard                                0x0000f6f9   Thumb Code   216  paracard.o(.text)
    ModelSelectCard                          0x0000f7d1   Thumb Code    62  paracard.o(.text)
    FixCard                                  0x0000f80f   Thumb Code   110  paracard.o(.text)
    ExpandCard                               0x0000f87d   Thumb Code   362  paracard.o(.text)
    SetDen                                   0x0000f9e9   Thumb Code    88  equimentoperate.o(.text)
    SetHight                                 0x0000fa41   Thumb Code   208  equimentoperate.o(.text)
    SetSel                                   0x0000fb11   Thumb Code    60  equimentoperate.o(.text)
    SetFix                                   0x0000fb4d   Thumb Code   100  equimentoperate.o(.text)
    GetModelCardFlg                          0x0000fbb1   Thumb Code     6  equimentoperate.o(.text)
    ClearModelCardFlg                        0x0000fbb7   Thumb Code     8  equimentoperate.o(.text)
    SetModel                                 0x0000fbbf   Thumb Code   288  equimentoperate.o(.text)
    ComSendData                              0x0000fcdf   Thumb Code   662  equimentoperate.o(.text)
    GetLed1Com2Flg                           0x0000ff75   Thumb Code     6  equimentcom.o(.text)
    GetLed2Com3Flg                           0x0000ff7b   Thumb Code     6  equimentcom.o(.text)
    GetFramRecEndFlgCom2                     0x0000ff81   Thumb Code    10  equimentcom.o(.text)
    GetFramRecEndFlgCom3                     0x0000ff8b   Thumb Code    10  equimentcom.o(.text)
    ClearFramRecEndFlgCom3                   0x0000ff95   Thumb Code     8  equimentcom.o(.text)
    ClearFramRecEndFlgCom2                   0x0000ff9d   Thumb Code     8  equimentcom.o(.text)
    ClearFramRecEndFlg                       0x0000ffa5   Thumb Code     8  equimentcom.o(.text)
    ReadRs485DataCom2                        0x0000ffad   Thumb Code    18  equimentcom.o(.text)
    ReadRs485DataCom3                        0x0000ffbf   Thumb Code    18  equimentcom.o(.text)
    GetRecaddr                               0x0000ffd1   Thumb Code     6  equimentcom.o(.text)
    GetRecFlg                                0x0000ffd7   Thumb Code     6  equimentcom.o(.text)
    GetSendDataComFlg                        0x0000ffdd   Thumb Code     6  equimentcom.o(.text)
    ClearSendDataComFlg                      0x0000ffe3   Thumb Code     8  equimentcom.o(.text)
    GetReadDataDisplayTime                   0x0000ffeb   Thumb Code     6  equimentcom.o(.text)
    CarddataOperate                          0x0000fff1   Thumb Code   478  equimentcom.o(.text)
    CSNR_RecDeal                             0x000101cf   Thumb Code   378  equimentcom.o(.text)
    GetHostBuf                               0x00010349   Thumb Code     6  equimentcom.o(.text)
    HostStationSend_CSNR                     0x0001034f   Thumb Code   258  equimentcom.o(.text)
    HostScan                                 0x00010451   Thumb Code   158  equimentcom.o(.text)
    EquipmentComTask                         0x000104ef   Thumb Code    96  equimentcom.o(.text)
    StoresDistFram                           0x00010581   Thumb Code    54  storespeed.o(.text)
    ReadDistFram                             0x000105b7   Thumb Code   212  storespeed.o(.text)
    ReadDist                                 0x0001068b   Thumb Code    44  storespeed.o(.text)
    StoresDist                               0x000106b7   Thumb Code    16  storespeed.o(.text)
    GetFrq1SumCnt                            0x00010731   Thumb Code     6  speed1.o(.text)
    GetMySpeed1                              0x00010737   Thumb Code     6  speed1.o(.text)
    GetMyAddSpeed1                           0x0001073d   Thumb Code     6  speed1.o(.text)
    GetSpeedPluse1                           0x00010743   Thumb Code    60  speed1.o(.text)
    CalcSpeed1                               0x0001077f   Thumb Code   112  speed1.o(.text)
    GetMyKileMeter                           0x000107ef   Thumb Code     6  speed1.o(.text)
    CalcDist                                 0x000107f5   Thumb Code   144  speed1.o(.text)
    SpeedAndDistTast                         0x00010885   Thumb Code    42  speed1.o(.text)
    GetFrq2SumCnt                            0x000108dd   Thumb Code     6  speed2.o(.text)
    TIMER1_IRQHandler                        0x000108e3   Thumb Code   116  speed2.o(.text)
    GetMySpeed2                              0x00010957   Thumb Code     6  speed2.o(.text)
    GetMyAddSpeed2                           0x0001095d   Thumb Code     6  speed2.o(.text)
    GetSpeedPluse2                           0x00010963   Thumb Code    60  speed2.o(.text)
    CalcSpeed2                               0x0001099f   Thumb Code   112  speed2.o(.text)
    GetFrq3SumCnt                            0x00010a3d   Thumb Code     6  mstcsspeed.o(.text)
    GetMyEngRotSpd                           0x00010a43   Thumb Code     6  mstcsspeed.o(.text)
    GetSpeedPlusecs                          0x00010a49   Thumb Code    62  mstcsspeed.o(.text)
    CalcSpeedcs                              0x00010a87   Thumb Code    48  mstcsspeed.o(.text)
    InitLocoStaIO                            0x00010acd   Thumb Code    36  locoworksta.o(.text)
    ReadLOCO_LW                              0x00010af1   Thumb Code    18  locoworksta.o(.text)
    ReadLOCO_QY                              0x00010b03   Thumb Code    18  locoworksta.o(.text)
    ReadLOCO_ZD                              0x00010b15   Thumb Code    18  locoworksta.o(.text)
    ReadLOCO_BK                              0x00010b27   Thumb Code    18  locoworksta.o(.text)
    GetMyLocoWorkState                       0x00010b39   Thumb Code     6  locoworksta.o(.text)
    CheckLocoStaTask                         0x00010b3f   Thumb Code   170  locoworksta.o(.text)
    __aeabi_uldivmod                         0x00010bf1   Thumb Code     0  lludivv7m.o(.text)
    _ll_udiv                                 0x00010bf1   Thumb Code   238  lludivv7m.o(.text)
    vsprintf                                 0x00010ce1   Thumb Code    32  vsprintf.o(.text)
    memcmp                                   0x00010d05   Thumb Code    88  memcmp.o(.text)
    strlen                                   0x00010d5d   Thumb Code    62  strlen.o(.text)
    __aeabi_memcpy                           0x00010d9b   Thumb Code     0  rt_memcpy_v6.o(.text)
    __rt_memcpy                              0x00010d9b   Thumb Code   138  rt_memcpy_v6.o(.text)
    _memcpy_lastbytes                        0x00010e01   Thumb Code     0  rt_memcpy_v6.o(.text)
    __aeabi_memcpy4                          0x00010e25   Thumb Code     0  rt_memcpy_w.o(.text)
    __aeabi_memcpy8                          0x00010e25   Thumb Code     0  rt_memcpy_w.o(.text)
    __rt_memcpy_w                            0x00010e25   Thumb Code   100  rt_memcpy_w.o(.text)
    _memcpy_lastbytes_aligned                0x00010e6d   Thumb Code     0  rt_memcpy_w.o(.text)
    __aeabi_memclr4                          0x00010e89   Thumb Code     0  rt_memclr_w.o(.text)
    __aeabi_memclr8                          0x00010e89   Thumb Code     0  rt_memclr_w.o(.text)
    __rt_memclr_w                            0x00010e89   Thumb Code    78  rt_memclr_w.o(.text)
    _memset_w                                0x00010e8d   Thumb Code     0  rt_memclr_w.o(.text)
    strcmp                                   0x00010ed9   Thumb Code   128  strcmpv7m.o(.text)
    _printf_pre_padding                      0x00010f59   Thumb Code    44  _printf_pad.o(.text)
    _printf_post_padding                     0x00010f85   Thumb Code    34  _printf_pad.o(.text)
    _printf_truncate_signed                  0x00010fa7   Thumb Code    18  _printf_truncate.o(.text)
    _printf_truncate_unsigned                0x00010fb9   Thumb Code    18  _printf_truncate.o(.text)
    _printf_str                              0x00010fcb   Thumb Code    82  _printf_str.o(.text)
    _printf_int_dec                          0x0001101d   Thumb Code   104  _printf_dec.o(.text)
    _printf_charcount                        0x00011095   Thumb Code    40  _printf_charcount.o(.text)
    _printf_char_common                      0x000110c7   Thumb Code    32  _printf_char_common.o(.text)
    _printf_wctomb                           0x000110ed   Thumb Code   182  _printf_wctomb.o(.text)
    _printf_longlong_dec                     0x000111a9   Thumb Code   108  _printf_longlong_dec.o(.text)
    _printf_longlong_oct                     0x00011225   Thumb Code    66  _printf_oct_int_ll.o(.text)
    _printf_int_oct                          0x00011267   Thumb Code    24  _printf_oct_int_ll.o(.text)
    _printf_ll_oct                           0x0001127f   Thumb Code    12  _printf_oct_int_ll.o(.text)
    _printf_longlong_hex                     0x00011295   Thumb Code    86  _printf_hex_int_ll_ptr.o(.text)
    _printf_int_hex                          0x000112eb   Thumb Code    28  _printf_hex_int_ll_ptr.o(.text)
    _printf_ll_hex                           0x00011307   Thumb Code    12  _printf_hex_int_ll_ptr.o(.text)
    _printf_hex_ptr                          0x00011313   Thumb Code    18  _printf_hex_int_ll_ptr.o(.text)
    __printf                                 0x00011329   Thumb Code   388  __printf_flags_ss_wp.o(.text)
    __user_libspace                          0x000114b1   Thumb Code     8  libspace.o(.text)
    __user_perproc_libspace                  0x000114b1   Thumb Code     0  libspace.o(.text)
    __user_perthread_libspace                0x000114b1   Thumb Code     0  libspace.o(.text)
    __rt_ctype_table                         0x000114b9   Thumb Code    16  rt_ctype_table.o(.text)
    _ll_udiv10                               0x000114c9   Thumb Code   138  lludiv10.o(.text)
    _printf_int_common                       0x00011553   Thumb Code   178  _printf_intcommon.o(.text)
    __lib_sel_fp_printf                      0x00011605   Thumb Code     2  _printf_fp_dec.o(.text)
    _printf_fp_dec_real                      0x000117b3   Thumb Code   620  _printf_fp_dec.o(.text)
    _printf_fp_hex_real                      0x00011a21   Thumb Code   756  _printf_fp_hex.o(.text)
    _printf_cs_common                        0x00011d1d   Thumb Code    20  _printf_char.o(.text)
    _printf_char                             0x00011d31   Thumb Code    16  _printf_char.o(.text)
    _printf_string                           0x00011d41   Thumb Code     8  _printf_char.o(.text)
    _printf_lcs_common                       0x00011d49   Thumb Code    20  _printf_wchar.o(.text)
    _printf_wchar                            0x00011d5d   Thumb Code    16  _printf_wchar.o(.text)
    _printf_wstring                          0x00011d6d   Thumb Code     8  _printf_wchar.o(.text)
    _wcrtomb                                 0x00011d75   Thumb Code    64  _wcrtomb.o(.text)
    __user_setup_stackheap                   0x00011db5   Thumb Code    74  sys_stackheap_outer.o(.text)
    __rt_locale                              0x00011e01   Thumb Code     8  rt_locale_intlibspace.o(.text)
    _printf_fp_infnan                        0x00011e09   Thumb Code   112  _printf_fp_infnan.o(.text)
    _btod_etento                             0x00011e89   Thumb Code   216  bigflt0.o(.text)
    exit                                     0x00011f65   Thumb Code    18  exit.o(.text)
    _sys_exit                                0x00011f79   Thumb Code     8  sys_exit.o(.text)
    _btod_d2e                                0x00011f85   Thumb Code    62  btod.o(CL$$btod_d2e)
    _d2e_denorm_low                          0x00011fc3   Thumb Code    70  btod.o(CL$$btod_d2e_denorm_low)
    _d2e_norm_op1                            0x00012009   Thumb Code    96  btod.o(CL$$btod_d2e_norm_op1)
    __btod_div_common                        0x00012069   Thumb Code   696  btod.o(CL$$btod_div_common)
    _e2e                                     0x000123a1   Thumb Code   198  btod.o(CL$$btod_e2e)
    _btod_ediv                               0x00012467   Thumb Code    40  btod.o(CL$$btod_ediv)
    _btod_emul                               0x0001248f   Thumb Code    40  btod.o(CL$$btod_emul)
    __btod_mult_common                       0x000124b7   Thumb Code   580  btod.o(CL$$btod_mult_common)
    OS_CPU_SR_Save                           0x000126fd   Thumb Code     0  os_cpu_a.o(OSKernelschedular)
    OS_CPU_SR_Restore                        0x00012705   Thumb Code     0  os_cpu_a.o(OSKernelschedular)
    OSStartHighRdy                           0x0001270b   Thumb Code     0  os_cpu_a.o(OSKernelschedular)
    OSCtxSw                                  0x0001272b   Thumb Code     0  os_cpu_a.o(OSKernelschedular)
    OSIntCtxSw                               0x00012735   Thumb Code     0  os_cpu_a.o(OSKernelschedular)
    OS_CPU_PendSVHandler                     0x0001273f   Thumb Code     0  os_cpu_a.o(OSKernelschedular)
    IntDisAll                                0x00012777   Thumb Code     0  os_cpu_a.o(OSKernelschedular)
    __ARM_fpclassify                         0x0001279d   Thumb Code    40  fpclassify.o(i.__ARM_fpclassify)
    _is_digit                                0x000127c5   Thumb Code    14  __printf_wp.o(i._is_digit)
    _get_lc_ctype                            0x000127d5   Thumb Code    44  lc_ctype_c.o(locale$$code)
    _get_lc_numeric                          0x00012801   Thumb Code    44  lc_numeric_c.o(locale$$code)
    __fpl_dcmp_Inf                           0x0001282d   Thumb Code    24  dcmpi.o(x$fpl$dcmpinf)
    __aeabi_i2d                              0x00012845   Thumb Code     0  dflt_clz.o(x$fpl$dflt)
    _dflt                                    0x00012845   Thumb Code    46  dflt_clz.o(x$fpl$dflt)
    __aeabi_cdcmple                          0x00012875   Thumb Code     0  dleqf.o(x$fpl$dleqf)
    _dcmple                                  0x00012875   Thumb Code   120  dleqf.o(x$fpl$dleqf)
    __fpl_dcmple_InfNaN                      0x000128d7   Thumb Code     0  dleqf.o(x$fpl$dleqf)
    __fpl_dnaninf                            0x000128ed   Thumb Code   156  dnaninf.o(x$fpl$dnaninf)
    __fpl_dretinf                            0x00012989   Thumb Code    12  dretinf.o(x$fpl$dretinf)
    __aeabi_cdrcmple                         0x00012995   Thumb Code     0  drleqf.o(x$fpl$drleqf)
    _drcmple                                 0x00012995   Thumb Code   108  drleqf.o(x$fpl$drleqf)
    __aeabi_f2d                              0x00012a01   Thumb Code     0  f2d.o(x$fpl$f2d)
    _f2d                                     0x00012a01   Thumb Code    86  f2d.o(x$fpl$f2d)
    __aeabi_fadd                             0x00012a59   Thumb Code     0  faddsub_clz.o(x$fpl$fadd)
    _fadd                                    0x00012a59   Thumb Code   196  faddsub_clz.o(x$fpl$fadd)
    __fpl_fcmp_Inf                           0x00012b1d   Thumb Code    24  fcmpi.o(x$fpl$fcmpinf)
    __aeabi_fdiv                             0x00012b35   Thumb Code     0  fdiv.o(x$fpl$fdiv)
    _fdiv                                    0x00012b35   Thumb Code   384  fdiv.o(x$fpl$fdiv)
    __aeabi_cfcmpeq                          0x00012cb9   Thumb Code     0  feqf.o(x$fpl$feqf)
    _fcmpeq                                  0x00012cb9   Thumb Code   104  feqf.o(x$fpl$feqf)
    __aeabi_f2iz                             0x00012d21   Thumb Code     0  ffix.o(x$fpl$ffix)
    _ffix                                    0x00012d21   Thumb Code    54  ffix.o(x$fpl$ffix)
    __aeabi_f2uiz                            0x00012d59   Thumb Code     0  ffixu.o(x$fpl$ffixu)
    _ffixu                                   0x00012d59   Thumb Code    62  ffixu.o(x$fpl$ffixu)
    __aeabi_i2f                              0x00012d99   Thumb Code     0  fflt_clz.o(x$fpl$fflt)
    _fflt                                    0x00012d99   Thumb Code    48  fflt_clz.o(x$fpl$fflt)
    __aeabi_ui2f                             0x00012dc9   Thumb Code     0  fflt_clz.o(x$fpl$ffltu)
    _ffltu                                   0x00012dc9   Thumb Code    38  fflt_clz.o(x$fpl$ffltu)
    __aeabi_cfcmple                          0x00012df1   Thumb Code     0  fleqf.o(x$fpl$fleqf)
    _fcmple                                  0x00012df1   Thumb Code   104  fleqf.o(x$fpl$fleqf)
    __fpl_fcmple_InfNaN                      0x00012e43   Thumb Code     0  fleqf.o(x$fpl$fleqf)
    __aeabi_fmul                             0x00012e59   Thumb Code     0  fmul.o(x$fpl$fmul)
    _fmul                                    0x00012e59   Thumb Code   258  fmul.o(x$fpl$fmul)
    __fpl_fnaninf                            0x00012f5b   Thumb Code   140  fnaninf.o(x$fpl$fnaninf)
    __fpl_fretinf                            0x00012fe7   Thumb Code    10  fretinf.o(x$fpl$fretinf)
    __aeabi_cfrcmple                         0x00012ff1   Thumb Code     0  frleqf.o(x$fpl$frleqf)
    _frcmple                                 0x00012ff1   Thumb Code    98  frleqf.o(x$fpl$frleqf)
    __aeabi_fsub                             0x00013055   Thumb Code     0  faddsub_clz.o(x$fpl$fsub)
    _fsub                                    0x00013055   Thumb Code   234  faddsub_clz.o(x$fpl$fsub)
    _printf_fp_dec                           0x0001313f   Thumb Code     4  printf1.o(x$fpl$printf1)
    _printf_fp_hex                           0x00013143   Thumb Code     4  printf2.o(x$fpl$printf2)
    OSUnMapTbl                               0x00013146   Data         256  os_core.o(.constdata)
    OSDebugEn                                0x00013248   Data           2  os_dbg.o(.constdata)
    OSEndiannessTest                         0x0001324c   Data           4  os_dbg.o(.constdata)
    OSEventEn                                0x00013250   Data           2  os_dbg.o(.constdata)
    OSEventMax                               0x00013252   Data           2  os_dbg.o(.constdata)
    OSEventNameEn                            0x00013254   Data           2  os_dbg.o(.constdata)
    OSEventSize                              0x00013256   Data           2  os_dbg.o(.constdata)
    OSEventTblSize                           0x00013258   Data           2  os_dbg.o(.constdata)
    OSEventMultiEn                           0x0001325a   Data           2  os_dbg.o(.constdata)
    OSFlagEn                                 0x0001325c   Data           2  os_dbg.o(.constdata)
    OSFlagGrpSize                            0x0001325e   Data           2  os_dbg.o(.constdata)
    OSFlagNodeSize                           0x00013260   Data           2  os_dbg.o(.constdata)
    OSFlagWidth                              0x00013262   Data           2  os_dbg.o(.constdata)
    OSFlagMax                                0x00013264   Data           2  os_dbg.o(.constdata)
    OSFlagNameEn                             0x00013266   Data           2  os_dbg.o(.constdata)
    OSLowestPrio                             0x00013268   Data           2  os_dbg.o(.constdata)
    OSMboxEn                                 0x0001326a   Data           2  os_dbg.o(.constdata)
    OSMemEn                                  0x0001326c   Data           2  os_dbg.o(.constdata)
    OSMemMax                                 0x0001326e   Data           2  os_dbg.o(.constdata)
    OSMemNameEn                              0x00013270   Data           2  os_dbg.o(.constdata)
    OSMemSize                                0x00013272   Data           2  os_dbg.o(.constdata)
    OSMemTblSize                             0x00013274   Data           2  os_dbg.o(.constdata)
    OSMutexEn                                0x00013276   Data           2  os_dbg.o(.constdata)
    OSPtrSize                                0x00013278   Data           2  os_dbg.o(.constdata)
    OSQEn                                    0x0001327a   Data           2  os_dbg.o(.constdata)
    OSQMax                                   0x0001327c   Data           2  os_dbg.o(.constdata)
    OSQSize                                  0x0001327e   Data           2  os_dbg.o(.constdata)
    OSRdyTblSize                             0x00013280   Data           2  os_dbg.o(.constdata)
    OSSemEn                                  0x00013282   Data           2  os_dbg.o(.constdata)
    OSStkWidth                               0x00013284   Data           2  os_dbg.o(.constdata)
    OSTaskCreateEn                           0x00013286   Data           2  os_dbg.o(.constdata)
    OSTaskCreateExtEn                        0x00013288   Data           2  os_dbg.o(.constdata)
    OSTaskDelEn                              0x0001328a   Data           2  os_dbg.o(.constdata)
    OSTaskIdleStkSize                        0x0001328c   Data           2  os_dbg.o(.constdata)
    OSTaskProfileEn                          0x0001328e   Data           2  os_dbg.o(.constdata)
    OSTaskMax                                0x00013290   Data           2  os_dbg.o(.constdata)
    OSTaskNameEn                             0x00013292   Data           2  os_dbg.o(.constdata)
    OSTaskStatEn                             0x00013294   Data           2  os_dbg.o(.constdata)
    OSTaskStatStkSize                        0x00013296   Data           2  os_dbg.o(.constdata)
    OSTaskStatStkChkEn                       0x00013298   Data           2  os_dbg.o(.constdata)
    OSTaskSwHookEn                           0x0001329a   Data           2  os_dbg.o(.constdata)
    OSTCBPrioTblMax                          0x0001329c   Data           2  os_dbg.o(.constdata)
    OSTCBSize                                0x0001329e   Data           2  os_dbg.o(.constdata)
    OSTicksPerSec                            0x000132a0   Data           2  os_dbg.o(.constdata)
    OSTimeTickHookEn                         0x000132a2   Data           2  os_dbg.o(.constdata)
    OSVersionNbr                             0x000132a4   Data           2  os_dbg.o(.constdata)
    OSTmrEn                                  0x000132a6   Data           2  os_dbg.o(.constdata)
    OSTmrCfgMax                              0x000132a8   Data           2  os_dbg.o(.constdata)
    OSTmrCfgNameEn                           0x000132aa   Data           2  os_dbg.o(.constdata)
    OSTmrCfgWheelSize                        0x000132ac   Data           2  os_dbg.o(.constdata)
    OSTmrCfgTicksPerSec                      0x000132ae   Data           2  os_dbg.o(.constdata)
    OSTmrSize                                0x000132b0   Data           2  os_dbg.o(.constdata)
    OSTmrTblSize                             0x000132b2   Data           2  os_dbg.o(.constdata)
    OSTmrWheelSize                           0x000132b4   Data           2  os_dbg.o(.constdata)
    OSTmrWheelTblSize                        0x000132b6   Data           2  os_dbg.o(.constdata)
    OSDataSize                               0x000132b8   Data           2  os_dbg.o(.constdata)
    sd_crc16_table                           0x000132f8   Data         512  crccheck.o(.constdata)
    CRCR16_8408_Table                        0x000134f8   Data          32  crccheck.o(.constdata)
    sDipHigBuf                               0x00013522   Data        1392  dip_hig.o(.constdata)
    Region$$Table$$Base                      0x00013d8c   Number         0  anon$$obj.o(Region$$Table)
    Region$$Table$$Limit                     0x00013dcc   Number         0  anon$$obj.o(Region$$Table)
    __ctype                                  0x00013dd9   Data           0  lc_ctype_c.o(locale$$data)
    SystemCoreClock                          0x10000004   Data           4  system_lpc17xx.o(.data)
    _db_msg                                  0x10000008   Data           4  debug_frmwrk.o(.data)
    _db_msg_                                 0x1000000c   Data           4  debug_frmwrk.o(.data)
    _db_char                                 0x10000010   Data           4  debug_frmwrk.o(.data)
    _db_dec                                  0x10000014   Data           4  debug_frmwrk.o(.data)
    _db_dec_16                               0x10000018   Data           4  debug_frmwrk.o(.data)
    _db_dec_32                               0x1000001c   Data           4  debug_frmwrk.o(.data)
    _db_hex                                  0x10000020   Data           4  debug_frmwrk.o(.data)
    _db_hex_16                               0x10000024   Data           4  debug_frmwrk.o(.data)
    _db_hex_32                               0x10000028   Data           4  debug_frmwrk.o(.data)
    _db_get_char                             0x1000002c   Data           4  debug_frmwrk.o(.data)
    l_COM1TempRev                            0x10000030   Data           1  uart1.o(.data)
    RecNumCOM1                               0x10000031   Data           1  uart1.o(.data)
    l_COM1EndFlg                             0x10000032   Data           1  uart1.o(.data)
    l_COM1ConnTime                           0x10000034   Data           4  uart1.o(.data)
    l_COM1StartFlg                           0x10000038   Data           1  uart1.o(.data)
    l_COM1TimeOutFlg                         0x10000039   Data           1  uart1.o(.data)
    l_COM1FramRecEndFlg                      0x1000003a   Data           1  uart1.o(.data)
    Com1RecTmp0                              0x1000003b   Data           1  uart1.o(.data)
    Com1RecTmp1                              0x1000003c   Data           1  uart1.o(.data)
    Com1RecTmp2                              0x1000003d   Data           1  uart1.o(.data)
    l_COM0TempRev                            0x10000040   Data           1  uart0.o(.data)
    RecNumCOM0                               0x10000041   Data           1  uart0.o(.data)
    l_COM0EndFlg                             0x10000042   Data           1  uart0.o(.data)
    l_COM0ConnTime                           0x10000044   Data           4  uart0.o(.data)
    l_COM0StartFlg                           0x10000048   Data           1  uart0.o(.data)
    l_COM0TimeOutFlg                         0x10000049   Data           1  uart0.o(.data)
    l_COM0FramRecEndFlg                      0x1000004a   Data           1  uart0.o(.data)
    l_softsendbyteflg                        0x1000004c   Data           1  softuart-t3.o(.data)
    l_hdlcsendbuf                            0x10000050   Data           4  softuart-t3.o(.data)
    l_softsendlen                            0x10000054   Data           4  softuart-t3.o(.data)
    l_e3hdlcframendflg                       0x10000058   Data           1  softuart-t3.o(.data)
    l_t0hdlcframendflg                       0x10000060   Data           1  softuart-t3.o(.data)
    g_DipVal                                 0x10000278   Data           4  globepara.o(.data)
    g_DipDisVal                              0x1000027c   Data           4  globepara.o(.data)
    g_Dip1Frq                                0x10000280   Data           2  globepara.o(.data)
    g_Dip2Frq                                0x10000282   Data           2  globepara.o(.data)
    g_CurFlshRecNum                          0x10000284   Data           4  globepara.o(.data)
    g_LshRedFlshRecNum                       0x10000288   Data           4  globepara.o(.data)
    g_LshRedFlshRecNum_gprs                  0x1000028c   Data           4  globepara.o(.data)
    g_PullCardTime                           0x10000290   Data           4  globepara.o(.data)
    g_TestModelFlg                           0x10000294   Data           4  globepara.o(.data)
    l_DipComErrFlg                           0x10000298   Data           1  getdipprs.o(.data)
    l_Dip1ComErrFlg                          0x10000299   Data           1  getdipprs.o(.data)
    l_Dip2ComErrFlg                          0x1000029a   Data           1  getdipprs.o(.data)
    l_Dip1Prs                                0x1000029c   Data           2  getdipprs.o(.data)
    l_Dip2Prs                                0x1000029e   Data           2  getdipprs.o(.data)
    l_Dip1Tmp                                0x100002a0   Data           1  getdipprs.o(.data)
    l_Dip2Tmp                                0x100002a1   Data           1  getdipprs.o(.data)
    l_Dip1ErrCod                             0x100002a2   Data           1  getdipprs.o(.data)
    l_Dip2ErrCod                             0x100002a3   Data           1  getdipprs.o(.data)
    l_dip1den                                0x100002a4   Data           2  getdipprs.o(.data)
    l_dip2den                                0x100002a6   Data           2  getdipprs.o(.data)
    l_Dip1DataErrFlg                         0x100002a8   Data           1  getdipprs.o(.data)
    l_Dip2DataErrFlg                         0x100002a9   Data           1  getdipprs.o(.data)
    l_TaxBefFlg                              0x100002f0   Data           1  tax2.o(.data)
    l_TaxBakFlg                              0x100002f1   Data           1  tax2.o(.data)
    l_Tax2ComErrFlg                          0x100002f2   Data           1  tax2.o(.data)
    l_TaxBefErrFlg                           0x100002f3   Data           1  tax2.o(.data)
    l_TaxBakErrFlg                           0x100002f4   Data           1  tax2.o(.data)
    m_TaxNoErrFlg                            0x100002f5   Data           1  tax2.o(.data)
    m_NoSpeedFlg                             0x100002f6   Data           1  tax2.o(.data)
    l_recslaveaddr                           0x10000304   Data           1  csnr.o(.data)
    l_FramWriteErrEvtFlg                     0x10000306   Data           1  framstore.o(.data)
    l_FramReadErrEvtFlg                      0x10000307   Data           1  framstore.o(.data)
    l_ReadDataFlg                            0x10000308   Data           1  framstore.o(.data)
    mFramWordTestErrFlg                      0x10000309   Data           1  framstore.o(.data)
    l_Spi0Len                                0x10000314   Data           4  card.o(.data)
    l_Spi0Point                              0x10000318   Data           4  card.o(.data)
    Spi0FinishFlg                            0x1000031c   Data           1  card.o(.data)
    l_CardPageSize                           0x10000320   Data           4  card.o(.data)
    l_CardStartAddr                          0x10000324   Data           4  card.o(.data)
    l_CardPageNum                            0x10000328   Data           4  card.o(.data)
    l_CardTypeFlg                            0x1000032c   Data           1  card.o(.data)
    l_CardErrorFlg                           0x10000338   Data           1  card.o(.data)
    l_LongTimePlugCardErrFlg                 0x10000339   Data           1  card.o(.data)
    l_CardType                               0x1000033c   Data           2  operatecard.o(.data)
    l_FlgZoneErrEvent                        0x1000033e   Data           1  operatecard.o(.data)
    l_led1com2flg                            0x1000034c   Data           1  equimentcom.o(.data)
    l_led2com3flg                            0x1000034d   Data           1  equimentcom.o(.data)
    l_befaddr                                0x1000034e   Data           1  equimentcom.o(.data)
    l_recFlg                                 0x1000034f   Data           1  equimentcom.o(.data)
    l_eqiupmentcode                          0x10000350   Data           4  equimentcom.o(.data)
    sentendflg                               0x10000354   Data           1  equimentcom.o(.data)
    l_senddatacomflg                         0x10000355   Data           1  equimentcom.o(.data)
    l_senddatastartnum                       0x10000358   Data           4  equimentcom.o(.data)
    l_senddataendnum                         0x1000035c   Data           4  equimentcom.o(.data)
    l_readdatadisplaytime                    0x10000360   Data           4  equimentcom.o(.data)
    mPluseSumCntcs                           0x10000384   Data           4  mstcsspeed.o(.data)
    m_TimecsSum                              0x10000388   Data           4  mstcsspeed.o(.data)
    m_AddPlusecs                             0x1000038c   Data           4  mstcsspeed.o(.data)
    m_PlusecsChgFlg                          0x10000390   Data           4  mstcsspeed.o(.data)
    l_speedcs                                0x1000039c   Data           2  mstcsspeed.o(.data)
    l_locoworksta                            0x100003a4   Data           1  locoworksta.o(.data)
    OS_CPU_ExceptStk                         0x100003ac   Data         512  os_cpu_c.o(.bss)
    l_sTAX2                                  0x10000cd0   Data          72  tax2.o(.bss)
    m_sCardFlg                               0x10000f18   Data        3424  cardtest.o(.bss)
    m_sModelCard                             0x10001c78   Data        5956  cardtest.o(.bss)
    m_sModel                                 0x100033bc   Data         208  cardtest.o(.bss)
    OSCtxSwCtr                               0x2007c000   Data           4  os_core.o(.data)
    OSEventFreeList                          0x2007c004   Data           4  os_core.o(.data)
    OSFlagFreeList                           0x2007c008   Data           4  os_core.o(.data)
    OSCPUUsage                               0x2007c00c   Data           1  os_core.o(.data)
    OSIdleCtrMax                             0x2007c010   Data           4  os_core.o(.data)
    OSIdleCtrRun                             0x2007c014   Data           4  os_core.o(.data)
    OSStatRdy                                0x2007c018   Data           1  os_core.o(.data)
    OSIntNesting                             0x2007c019   Data           1  os_core.o(.data)
    OSLockNesting                            0x2007c01a   Data           1  os_core.o(.data)
    OSPrioCur                                0x2007c01b   Data           1  os_core.o(.data)
    OSPrioHighRdy                            0x2007c01c   Data           1  os_core.o(.data)
    OSRdyGrp                                 0x2007c01d   Data           1  os_core.o(.data)
    OSRdyTbl                                 0x2007c01e   Data           8  os_core.o(.data)
    OSRunning                                0x2007c026   Data           1  os_core.o(.data)
    OSTaskCtr                                0x2007c027   Data           1  os_core.o(.data)
    OSIdleCtr                                0x2007c028   Data           4  os_core.o(.data)
    OSTCBCur                                 0x2007c02c   Data           4  os_core.o(.data)
    OSTCBFreeList                            0x2007c030   Data           4  os_core.o(.data)
    OSTCBHighRdy                             0x2007c034   Data           4  os_core.o(.data)
    OSTCBList                                0x2007c038   Data           4  os_core.o(.data)
    OSTickStepState                          0x2007c03c   Data           1  os_core.o(.data)
    OSMemFreeList                            0x2007c040   Data           4  os_core.o(.data)
    OSQFreeList                              0x2007c044   Data           4  os_core.o(.data)
    OSTime                                   0x2007c048   Data           4  os_core.o(.data)
    OSTmrFree                                0x2007c04c   Data           2  os_core.o(.data)
    OSTmrUsed                                0x2007c04e   Data           2  os_core.o(.data)
    OSTmrTime                                0x2007c050   Data           4  os_core.o(.data)
    OSTmrSem                                 0x2007c054   Data           4  os_core.o(.data)
    OSTmrSemSignal                           0x2007c058   Data           4  os_core.o(.data)
    OSTmrFreeList                            0x2007c05c   Data           4  os_core.o(.data)
    OS_CPU_ExceptStkBase                     0x2007c060   Data           4  os_cpu_c.o(.data)
    flsherrflg                               0x2007c066   Data           1  mx25l1602drv.o(.data)
    l_COM2TempRev                            0x2007c068   Data           1  uart2.o(.data)
    RecNumCOM2                               0x2007c069   Data           1  uart2.o(.data)
    l_COM2EndFlg                             0x2007c06a   Data           1  uart2.o(.data)
    l_COM2ConnTime                           0x2007c06c   Data           4  uart2.o(.data)
    l_COM2StartFlg                           0x2007c070   Data           1  uart2.o(.data)
    l_COM2TimeOutFlg                         0x2007c071   Data           1  uart2.o(.data)
    l_COM2FramRecEndFlg                      0x2007c072   Data           1  uart2.o(.data)
    com2RecTmp0                              0x2007c073   Data           1  uart2.o(.data)
    com2RecTmp1                              0x2007c074   Data           1  uart2.o(.data)
    com2RecTmp2                              0x2007c075   Data           1  uart2.o(.data)
    l_COM3TempRev                            0x2007c078   Data           1  uart3.o(.data)
    RecNumCom3                               0x2007c079   Data           1  uart3.o(.data)
    l_COM3EndFlg                             0x2007c07a   Data           1  uart3.o(.data)
    l_COM3ConnTime                           0x2007c07c   Data           4  uart3.o(.data)
    l_COM3StartFlg                           0x2007c080   Data           1  uart3.o(.data)
    l_COM3TimeOutFlg                         0x2007c081   Data           1  uart3.o(.data)
    l_COM3FramRecEndFlg                      0x2007c082   Data           1  uart3.o(.data)
    com3RecTmp0                              0x2007c083   Data           1  uart3.o(.data)
    com3RecTmp1                              0x2007c084   Data           1  uart3.o(.data)
    com3RecTmp2                              0x2007c085   Data           1  uart3.o(.data)
    com3rectmp                               0x2007c088   Data           4  uart3.o(.data)
    l_hosterrnum                             0x2007c08c   Data           1  uart0001.o(.data)
    l_diperrflg                              0x2007c08d   Data           1  uart0001.o(.data)
    l_hosterrflg                             0x2007c08e   Data           1  uart0001.o(.data)
    BatterVal                                0x2007c0b4   Data           4  adc.o(.data)
    l_led0com1flg                            0x2007c0c4   Data           1  dipcomoperate.o(.data)
    l_recaddrdip                             0x2007c0c5   Data           1  dipcomoperate.o(.data)
    l_com1dip1Errflg                         0x2007c0c6   Data           1  dipcomoperate.o(.data)
    l_com1dip2Errflg                         0x2007c0c7   Data           1  dipcomoperate.o(.data)
    l_com1SetModelflg                        0x2007c0c8   Data           1  dipcomoperate.o(.data)
    l_recFlgdip                              0x2007c0c9   Data           1  dipcomoperate.o(.data)
    l_setmodelflg                            0x2007c0ca   Data           1  dipcomoperate.o(.data)
    sentendflgdip                            0x2007c0cb   Data           1  dipcomoperate.o(.data)
    l_hostevtflg                             0x2007c0f0   Data           1  tmp.o(.data)
    g_higval                                 0x2007c124   Data           2  com-csnr.o(.data)
    LedNumCode                               0x2007c12c   Data          16  display.o(.data)
    LedCharCode                              0x2007c13c   Data          97  display.o(.data)
    sLed                                     0x2007c1b0   Data         192  led.o(.data)
    HLAB_i                                   0x2007c270   Data           1  led.o(.data)
    CurentTime                               0x2007c274   Data           4  led.o(.data)
    l_SelModelErrFlg                         0x2007c278   Data           1  dealoilbox.o(.data)
    l_CurDipAvgPrs                           0x2007c59c   Data           2  mathdipval.o(.data)
    l_DipStorePrs                            0x2007c59e   Data           2  mathdipval.o(.data)
    l_PrsChgState                            0x2007c5a0   Data           1  mathdipval.o(.data)
    l_Dip1Frq10SecChg                        0x2007c5a2   Data           2  mathdipval.o(.data)
    l_Dip2Frq10SecChg                        0x2007c5a4   Data           2  mathdipval.o(.data)
    l_ModelErrFlg                            0x2007c5a6   Data           1  mathdipval.o(.data)
    l_DensityErrFlg                          0x2007c5a7   Data           1  mathdipval.o(.data)
    l_ReviseHight                            0x2007c5a8   Data           4  mathdipval.o(.data)
    l_Density                                0x2007c5ac   Data           4  mathdipval.o(.data)
    l_AddDipVal                              0x2007c5b0   Data           4  mathdipval.o(.data)
    l_SetParaFlg                             0x2007c5b4   Data           1  mathdipval.o(.data)
    l_ModelParaErrFlg                        0x2007c5b5   Data           1  mathdipval.o(.data)
    l_UnFihCardEvtFlg                        0x2007c5f2   Data           1  datacard.o(.data)
    l_modelcardflg                           0x2007c5f4   Data           1  equimentoperate.o(.data)
    mPluseSumCnt0                            0x2007c5fc   Data           4  speed1.o(.data)
    m_Time0Sum                               0x2007c600   Data           4  speed1.o(.data)
    m_AddPluse0                              0x2007c604   Data           4  speed1.o(.data)
    m_Pluse0ChgFlg                           0x2007c608   Data           4  speed1.o(.data)
    l_speed1                                 0x2007c614   Data           2  speed1.o(.data)
    l_addspeed1                              0x2007c618   Data           4  speed1.o(.data)
    l_kilemeter                              0x2007c61c   Data           4  speed1.o(.data)
    mPluseSumCnt1                            0x2007c630   Data           4  speed2.o(.data)
    m_Time1Sum                               0x2007c634   Data           4  speed2.o(.data)
    m_AddPluse1                              0x2007c638   Data           4  speed2.o(.data)
    m_Pluse1ChgFlg                           0x2007c63c   Data           4  speed2.o(.data)
    l_speed2                                 0x2007c648   Data           2  speed2.o(.data)
    l_addspeed2                              0x2007c64c   Data           4  speed2.o(.data)
    OSEventTbl                               0x2007c658   Data         240  os_core.o(.bss)
    OSFlagTbl                                0x2007c748   Data          80  os_core.o(.bss)
    OSTaskStatStk                            0x2007c798   Data         512  os_core.o(.bss)
    OSTaskIdleStk                            0x2007c998   Data         512  os_core.o(.bss)
    OSTCBPrioTbl                             0x2007cb98   Data         256  os_core.o(.bss)
    OSTCBTbl                                 0x2007cc98   Data        1936  os_core.o(.bss)
    OSMemTbl                                 0x2007d428   Data         120  os_core.o(.bss)
    OSQTbl                                   0x2007d4a0   Data          96  os_core.o(.bss)
    OSTmrTbl                                 0x2007d500   Data         640  os_core.o(.bss)
    OSTmrTaskStk                             0x2007d780   Data         512  os_core.o(.bss)
    OSTmrWheelTbl                            0x2007d980   Data          64  os_core.o(.bss)
    com3recbuftmp                            0x2007e2e4   Data         256  uart3.o(.bss)
    sErrFIFO                                 0x2007e5e4   Data          12  uart0001.o(.bss)
    gErrBuf                                  0x2007e5f0   Data          20  uart0001.o(.bss)
    sStoreErrFIFO                            0x2007e604   Data          12  uart0001.o(.bss)
    gStoreErrBuf                             0x2007e610   Data          20  uart0001.o(.bss)
    sDisplay                                 0x2007eb30   Data         200  display.o(.bss)
    sDisplayBak                              0x2007ebf8   Data         200  display.o(.bss)
    g_sledflg                                0x2007eec0   Data          20  flgmanager.o(.bss)
    l_sModel                                 0x2007f0d4   Data         808  mathdipval.o(.bss)
    __libspace_start                         0x2007f42c   Data          96  libspace.o(.bss)
    __temporary_stack_top$libspace           0x2007f48c   Data           0  libspace.o(.bss)



==============================================================================

Memory Map of the image

  Image Entry point : 0x000000cd

  Load Region LR_IROM1 (Base: 0x00000000, Size: 0x000148fc, Max: 0x00040000, ABSOLUTE, COMPRESSED[0x00014218])

    Execution Region ER_IROM1 (Base: 0x00000000, Size: 0x00013ef8, Max: 0x00040000, ABSOLUTE)

    Base Addr    Size         Type   Attr      Idx    E Section Name        Object

    0x00000000   0x000000cc   Data   RO          374    RESET               startup_lpc17xx.o
    0x000000cc   0x00000008   Code   RO         2564  * !!!main             c_w.l(__main.o)
    0x000000d4   0x00000034   Code   RO         2962    !!!scatter          c_w.l(__scatter.o)
    0x00000108   0x0000005a   Code   RO         2960    !!dczerorl2         c_w.l(__dczerorl2.o)
    0x00000162   0x00000002   PAD
    0x00000164   0x0000001c   Code   RO         2964    !!handler_zi        c_w.l(__scatter_zi.o)
    0x00000180   0x00000000   Code   RO         2701    .ARM.Collect$$_printf_percent$$00000000  c_w.l(_printf_percent.o)
    0x00000180   0x00000006   Code   RO         2690    .ARM.Collect$$_printf_percent$$00000001  c_w.l(_printf_n.o)
    0x00000186   0x00000006   Code   RO         2692    .ARM.Collect$$_printf_percent$$00000002  c_w.l(_printf_p.o)
    0x0000018c   0x00000006   Code   RO         2697    .ARM.Collect$$_printf_percent$$00000003  c_w.l(_printf_f.o)
    0x00000192   0x00000006   Code   RO         2698    .ARM.Collect$$_printf_percent$$00000004  c_w.l(_printf_e.o)
    0x00000198   0x00000006   Code   RO         2699    .ARM.Collect$$_printf_percent$$00000005  c_w.l(_printf_g.o)
    0x0000019e   0x00000006   Code   RO         2700    .ARM.Collect$$_printf_percent$$00000006  c_w.l(_printf_a.o)
    0x000001a4   0x0000000a   Code   RO         2705    .ARM.Collect$$_printf_percent$$00000007  c_w.l(_printf_ll.o)
    0x000001ae   0x00000006   Code   RO         2694    .ARM.Collect$$_printf_percent$$00000008  c_w.l(_printf_i.o)
    0x000001b4   0x00000006   Code   RO         2695    .ARM.Collect$$_printf_percent$$00000009  c_w.l(_printf_d.o)
    0x000001ba   0x00000006   Code   RO         2696    .ARM.Collect$$_printf_percent$$0000000A  c_w.l(_printf_u.o)
    0x000001c0   0x00000006   Code   RO         2693    .ARM.Collect$$_printf_percent$$0000000B  c_w.l(_printf_o.o)
    0x000001c6   0x00000006   Code   RO         2691    .ARM.Collect$$_printf_percent$$0000000C  c_w.l(_printf_x.o)
    0x000001cc   0x00000006   Code   RO         2702    .ARM.Collect$$_printf_percent$$0000000D  c_w.l(_printf_lli.o)
    0x000001d2   0x00000006   Code   RO         2703    .ARM.Collect$$_printf_percent$$0000000E  c_w.l(_printf_lld.o)
    0x000001d8   0x00000006   Code   RO         2704    .ARM.Collect$$_printf_percent$$0000000F  c_w.l(_printf_llu.o)
    0x000001de   0x00000006   Code   RO         2709    .ARM.Collect$$_printf_percent$$00000010  c_w.l(_printf_llo.o)
    0x000001e4   0x00000006   Code   RO         2710    .ARM.Collect$$_printf_percent$$00000011  c_w.l(_printf_llx.o)
    0x000001ea   0x0000000a   Code   RO         2706    .ARM.Collect$$_printf_percent$$00000012  c_w.l(_printf_l.o)
    0x000001f4   0x00000006   Code   RO         2688    .ARM.Collect$$_printf_percent$$00000013  c_w.l(_printf_c.o)
    0x000001fa   0x00000006   Code   RO         2689    .ARM.Collect$$_printf_percent$$00000014  c_w.l(_printf_s.o)
    0x00000200   0x00000006   Code   RO         2707    .ARM.Collect$$_printf_percent$$00000015  c_w.l(_printf_lc.o)
    0x00000206   0x00000006   Code   RO         2708    .ARM.Collect$$_printf_percent$$00000016  c_w.l(_printf_ls.o)
    0x0000020c   0x00000004   Code   RO         2771    .ARM.Collect$$_printf_percent$$00000017  c_w.l(_printf_percent_end.o)
    0x00000210   0x00000002   Code   RO         2829    .ARM.Collect$$libinit$$00000000  c_w.l(libinit.o)
    0x00000212   0x00000000   Code   RO         2843    .ARM.Collect$$libinit$$00000002  c_w.l(libinit2.o)
    0x00000212   0x00000000   Code   RO         2845    .ARM.Collect$$libinit$$00000004  c_w.l(libinit2.o)
    0x00000212   0x00000000   Code   RO         2848    .ARM.Collect$$libinit$$0000000A  c_w.l(libinit2.o)
    0x00000212   0x00000000   Code   RO         2850    .ARM.Collect$$libinit$$0000000C  c_w.l(libinit2.o)
    0x00000212   0x00000000   Code   RO         2852    .ARM.Collect$$libinit$$0000000E  c_w.l(libinit2.o)
    0x00000212   0x00000006   Code   RO         2853    .ARM.Collect$$libinit$$0000000F  c_w.l(libinit2.o)
    0x00000218   0x00000000   Code   RO         2855    .ARM.Collect$$libinit$$00000011  c_w.l(libinit2.o)
    0x00000218   0x0000000c   Code   RO         2856    .ARM.Collect$$libinit$$00000012  c_w.l(libinit2.o)
    0x00000224   0x00000000   Code   RO         2857    .ARM.Collect$$libinit$$00000013  c_w.l(libinit2.o)
    0x00000224   0x00000000   Code   RO         2859    .ARM.Collect$$libinit$$00000015  c_w.l(libinit2.o)
    0x00000224   0x0000000a   Code   RO         2860    .ARM.Collect$$libinit$$00000016  c_w.l(libinit2.o)
    0x0000022e   0x00000000   Code   RO         2861    .ARM.Collect$$libinit$$00000017  c_w.l(libinit2.o)
    0x0000022e   0x00000000   Code   RO         2863    .ARM.Collect$$libinit$$00000019  c_w.l(libinit2.o)
    0x0000022e   0x00000000   Code   RO         2865    .ARM.Collect$$libinit$$0000001B  c_w.l(libinit2.o)
    0x0000022e   0x00000000   Code   RO         2867    .ARM.Collect$$libinit$$0000001D  c_w.l(libinit2.o)
    0x0000022e   0x00000000   Code   RO         2869    .ARM.Collect$$libinit$$0000001F  c_w.l(libinit2.o)
    0x0000022e   0x00000000   Code   RO         2871    .ARM.Collect$$libinit$$00000021  c_w.l(libinit2.o)
    0x0000022e   0x00000000   Code   RO         2873    .ARM.Collect$$libinit$$00000023  c_w.l(libinit2.o)
    0x0000022e   0x00000000   Code   RO         2875    .ARM.Collect$$libinit$$00000025  c_w.l(libinit2.o)
    0x0000022e   0x00000000   Code   RO         2879    .ARM.Collect$$libinit$$0000002C  c_w.l(libinit2.o)
    0x0000022e   0x00000000   Code   RO         2881    .ARM.Collect$$libinit$$0000002E  c_w.l(libinit2.o)
    0x0000022e   0x00000000   Code   RO         2883    .ARM.Collect$$libinit$$00000030  c_w.l(libinit2.o)
    0x0000022e   0x00000000   Code   RO         2885    .ARM.Collect$$libinit$$00000032  c_w.l(libinit2.o)
    0x0000022e   0x00000002   Code   RO         2886    .ARM.Collect$$libinit$$00000033  c_w.l(libinit2.o)
    0x00000230   0x00000002   Code   RO         2917    .ARM.Collect$$libshutdown$$00000000  c_w.l(libshutdown.o)
    0x00000232   0x00000000   Code   RO         2943    .ARM.Collect$$libshutdown$$00000002  c_w.l(libshutdown2.o)
    0x00000232   0x00000000   Code   RO         2945    .ARM.Collect$$libshutdown$$00000004  c_w.l(libshutdown2.o)
    0x00000232   0x00000000   Code   RO         2948    .ARM.Collect$$libshutdown$$00000007  c_w.l(libshutdown2.o)
    0x00000232   0x00000000   Code   RO         2951    .ARM.Collect$$libshutdown$$0000000A  c_w.l(libshutdown2.o)
    0x00000232   0x00000000   Code   RO         2953    .ARM.Collect$$libshutdown$$0000000C  c_w.l(libshutdown2.o)
    0x00000232   0x00000000   Code   RO         2956    .ARM.Collect$$libshutdown$$0000000F  c_w.l(libshutdown2.o)
    0x00000232   0x00000002   Code   RO         2957    .ARM.Collect$$libshutdown$$00000010  c_w.l(libshutdown2.o)
    0x00000234   0x00000000   Code   RO         2610    .ARM.Collect$$rtentry$$00000000  c_w.l(__rtentry.o)
    0x00000234   0x00000000   Code   RO         2738    .ARM.Collect$$rtentry$$00000002  c_w.l(__rtentry2.o)
    0x00000234   0x00000006   Code   RO         2750    .ARM.Collect$$rtentry$$00000004  c_w.l(__rtentry4.o)
    0x0000023a   0x00000000   Code   RO         2740    .ARM.Collect$$rtentry$$00000009  c_w.l(__rtentry2.o)
    0x0000023a   0x00000004   Code   RO         2741    .ARM.Collect$$rtentry$$0000000A  c_w.l(__rtentry2.o)
    0x0000023e   0x00000000   Code   RO         2743    .ARM.Collect$$rtentry$$0000000C  c_w.l(__rtentry2.o)
    0x0000023e   0x00000008   Code   RO         2744    .ARM.Collect$$rtentry$$0000000D  c_w.l(__rtentry2.o)
    0x00000246   0x00000002   Code   RO         2834    .ARM.Collect$$rtexit$$00000000  c_w.l(rtexit.o)
    0x00000248   0x00000000   Code   RO         2890    .ARM.Collect$$rtexit$$00000002  c_w.l(rtexit2.o)
    0x00000248   0x00000004   Code   RO         2891    .ARM.Collect$$rtexit$$00000003  c_w.l(rtexit2.o)
    0x0000024c   0x00000006   Code   RO         2892    .ARM.Collect$$rtexit$$00000004  c_w.l(rtexit2.o)
    0x00000252   0x00000010   Code   RO          349    .text               app_hooks.o
    0x00000262   0x00000002   PAD
    0x00000264   0x0000003c   Code   RO          376    .text               startup_lpc17xx.o
    0x000002a0   0x00000004   Code   RO          732    .text               lpc17xx_libcfg_default.o
    0x000002a4   0x00000044   Code   RO         1104    .text               gpio_test.o
    0x000002e8   0x00000006   Code   RO         2562    .text               c_w.l(heapauxi.o)
    0x000002ee   0x0000000a   Code   RO         2634    .text               c_w.l(_sputc.o)
    0x000002f8   0x00000002   Code   RO         2906    .text               c_w.l(use_no_semi.o)
    0x000002fa   0x00000000   Code   RO         2908    .text               c_w.l(indicate_semi.o)
    0x000002fa   0x00000000   Code   RO         2733    x$fpl$usenofp       fz_ws.l(usenofp.o)
    0x000002fa   0x00000002   PAD
    0x000002fc   0x00000004   Code   RO          375    .ARM.__at_0x02FC    startup_lpc17xx.o
    0x00000300   0x00000cf0   Code   RO            1    .text               os_core.o
    0x00000ff0   0x0000080c   Code   RO           33    .text               os_flag.o
    0x000017fc   0x000001e4   Code   RO           61    .text               os_mem.o
    0x000019e0   0x00000600   Code   RO           85    .text               os_q.o
    0x00001fe0   0x000003a4   Code   RO           97    .text               os_sem.o
    0x00002384   0x00000828   Code   RO          109    .text               os_task.o
    0x00002bac   0x000001b0   Code   RO          121    .text               os_time.o
    0x00002d5c   0x00000670   Code   RO          133    .text               os_tmr.o
    0x000033cc   0x0000015c   Code   RO          145    .text               os_dbg.o
    0x00003528   0x00000190   Code   RO          168    .text               os_cpu_c.o
    0x000036b8   0x00000130   Code   RO          194    .text               app.o
    0x000037e8   0x0000028c   Code   RO          385    .text               system_lpc17xx.o
    0x00003a74   0x000004b0   Code   RO          415    .text               debug_frmwrk.o
    0x00003f24   0x00000338   Code   RO          458    .text               lpc17xx_adc.o
    0x0000425c   0x00000140   Code   RO          518    .text               lpc17xx_clkpwr.o
    0x0000439c   0x00000100   Code   RO          801    .text               lpc17xx_pinsel.o
    0x0000449c   0x000006b4   Code   RO          957    .text               lpc17xx_ssp.o
    0x00004b50   0x00000180   Code   RO          981    .text               lpc17xx_systick.o
    0x00004cd0   0x00000660   Code   RO         1005    .text               lpc17xx_timer.o
    0x00005330   0x00000e50   Code   RO         1029    .text               lpc17xx_uart.o
    0x00006180   0x00000230   Code   RO         1056    .text               lpc17xx_wdt.o
    0x000063b0   0x0000040c   Code   RO         1080    .text               lpc17xx_gpio.o
    0x000067bc   0x000005c4   Code   RO         1134    .text               mx25l1602drv.o
    0x00006d80   0x00000138   Code   RO         1176    .text               gpio_app.o
    0x00006eb8   0x000003d0   Code   RO         1203    .text               uart1.o
    0x00007288   0x0000033c   Code   RO         1235    .text               uart2.o
    0x000075c4   0x000003b4   Code   RO         1267    .text               uart3.o
    0x00007978   0x000006e0   Code   RO         1295    .text               uart0001.o
    0x00008058   0x00000160   Code   RO         1323    .text               uart0002.o
    0x000081b8   0x00000298   Code   RO         1350    .text               uart0.o
    0x00008450   0x000000fc   Code   RO         1378    .text               adc.o
    0x0000854c   0x0000027c   Code   RO         1406    .text               timer.o
    0x000087c8   0x000003c8   Code   RO         1432    .text               softuart-t3.o
    0x00008b90   0x000000e8   Code   RO         1464    .text               crccheck.o
    0x00008c78   0x00000156   Code   RO         1493    .text               fifo.o
    0x00008dce   0x00000002   PAD
    0x00008dd0   0x000007f4   Code   RO         1544    .text               getdipprs.o
    0x000095c4   0x00000e6c   Code   RO         1606    .text               dipcomoperate.o
    0x0000a430   0x000007a0   Code   RO         1637    .text               tmp.o
    0x0000abd0   0x00000288   Code   RO         1673    .text               tax2.o
    0x0000ae58   0x00000240   Code   RO         1704    .text               csnr.o
    0x0000b098   0x00000314   Code   RO         1732    .text               hdlc.o
    0x0000b3ac   0x00000148   Code   RO         1759    .text               com-csnr.o
    0x0000b4f4   0x00000078   Code   RO         1787    .text               dip_hig.o
    0x0000b56c   0x00000c40   Code   RO         1815    .text               framstore.o
    0x0000c1ac   0x000005ec   Code   RO         1846    .text               display.o
    0x0000c798   0x0000031c   Code   RO         1877    .text               ds3231.o
    0x0000cab4   0x000002c8   Code   RO         1907    .text               led.o
    0x0000cd7c   0x00000028   Code   RO         1936    .text               watchdog.o
    0x0000cda4   0x00000196   Code   RO         1962    .text               iic.o
    0x0000cf3a   0x00000136   Code   RO         1988    .text               softspi_17xx.o
    0x0000d070   0x00000068   Code   RO         2014    .text               flgmanager.o
    0x0000d0d8   0x000000f4   Code   RO         2041    .text               fram.o
    0x0000d1cc   0x000002b4   Code   RO         2070    .text               dealoilbox.o
    0x0000d480   0x00000264   Code   RO         2098    .text               storerec.o
    0x0000d6e4   0x00000a04   Code   RO         2125    .text               mathdipval.o
    0x0000e0e8   0x00000a50   Code   RO         2190    .text               card.o
    0x0000eb38   0x00000504   Code   RO         2222    .text               datacard.o
    0x0000f03c   0x0000050c   Code   RO         2263    .text               operatecard.o
    0x0000f548   0x0000049e   Code   RO         2292    .text               paracard.o
    0x0000f9e6   0x00000002   PAD
    0x0000f9e8   0x0000058c   Code   RO         2346    .text               equimentoperate.o
    0x0000ff74   0x0000060c   Code   RO         2375    .text               equimentcom.o
    0x00010580   0x000001b0   Code   RO         2403    .text               storespeed.o
    0x00010730   0x000001ac   Code   RO         2429    .text               speed1.o
    0x000108dc   0x00000160   Code   RO         2457    .text               speed2.o
    0x00010a3c   0x00000090   Code   RO         2485    .text               mstcsspeed.o
    0x00010acc   0x00000124   Code   RO         2513    .text               locoworksta.o
    0x00010bf0   0x000000ee   Code   RO         2540    .text               c_w.l(lludivv7m.o)
    0x00010cde   0x00000002   PAD
    0x00010ce0   0x00000024   Code   RO         2542    .text               c_w.l(vsprintf.o)
    0x00010d04   0x00000058   Code   RO         2548    .text               c_w.l(memcmp.o)
    0x00010d5c   0x0000003e   Code   RO         2552    .text               c_w.l(strlen.o)
    0x00010d9a   0x0000008a   Code   RO         2554    .text               c_w.l(rt_memcpy_v6.o)
    0x00010e24   0x00000064   Code   RO         2556    .text               c_w.l(rt_memcpy_w.o)
    0x00010e88   0x0000004e   Code   RO         2558    .text               c_w.l(rt_memclr_w.o)
    0x00010ed6   0x00000002   PAD
    0x00010ed8   0x00000080   Code   RO         2560    .text               c_w.l(strcmpv7m.o)
    0x00010f58   0x0000004e   Code   RO         2622    .text               c_w.l(_printf_pad.o)
    0x00010fa6   0x00000024   Code   RO         2624    .text               c_w.l(_printf_truncate.o)
    0x00010fca   0x00000052   Code   RO         2626    .text               c_w.l(_printf_str.o)
    0x0001101c   0x00000078   Code   RO         2628    .text               c_w.l(_printf_dec.o)
    0x00011094   0x00000028   Code   RO         2630    .text               c_w.l(_printf_charcount.o)
    0x000110bc   0x00000030   Code   RO         2632    .text               c_w.l(_printf_char_common.o)
    0x000110ec   0x000000bc   Code   RO         2636    .text               c_w.l(_printf_wctomb.o)
    0x000111a8   0x0000007c   Code   RO         2639    .text               c_w.l(_printf_longlong_dec.o)
    0x00011224   0x00000070   Code   RO         2645    .text               c_w.l(_printf_oct_int_ll.o)
    0x00011294   0x00000094   Code   RO         2665    .text               c_w.l(_printf_hex_int_ll_ptr.o)
    0x00011328   0x00000188   Code   RO         2685    .text               c_w.l(__printf_flags_ss_wp.o)
    0x000114b0   0x00000008   Code   RO         2734    .text               c_w.l(libspace.o)
    0x000114b8   0x00000010   Code   RO         2752    .text               c_w.l(rt_ctype_table.o)
    0x000114c8   0x0000008a   Code   RO         2756    .text               c_w.l(lludiv10.o)
    0x00011552   0x000000b2   Code   RO         2758    .text               c_w.l(_printf_intcommon.o)
    0x00011604   0x0000041a   Code   RO         2760    .text               c_w.l(_printf_fp_dec.o)
    0x00011a1e   0x00000002   PAD
    0x00011a20   0x000002fc   Code   RO         2762    .text               c_w.l(_printf_fp_hex.o)
    0x00011d1c   0x0000002c   Code   RO         2767    .text               c_w.l(_printf_char.o)
    0x00011d48   0x0000002c   Code   RO         2769    .text               c_w.l(_printf_wchar.o)
    0x00011d74   0x00000040   Code   RO         2774    .text               c_w.l(_wcrtomb.o)
    0x00011db4   0x0000004a   Code   RO         2776    .text               c_w.l(sys_stackheap_outer.o)
    0x00011dfe   0x00000002   PAD
    0x00011e00   0x00000008   Code   RO         2781    .text               c_w.l(rt_locale_intlibspace.o)
    0x00011e08   0x00000080   Code   RO         2783    .text               c_w.l(_printf_fp_infnan.o)
    0x00011e88   0x000000dc   Code   RO         2787    .text               c_w.l(bigflt0.o)
    0x00011f64   0x00000012   Code   RO         2818    .text               c_w.l(exit.o)
    0x00011f76   0x00000002   PAD
    0x00011f78   0x0000000c   Code   RO         2887    .text               c_w.l(sys_exit.o)
    0x00011f84   0x0000003e   Code   RO         2790    CL$$btod_d2e        c_w.l(btod.o)
    0x00011fc2   0x00000046   Code   RO         2792    CL$$btod_d2e_denorm_low  c_w.l(btod.o)
    0x00012008   0x00000060   Code   RO         2791    CL$$btod_d2e_norm_op1  c_w.l(btod.o)
    0x00012068   0x00000338   Code   RO         2800    CL$$btod_div_common  c_w.l(btod.o)
    0x000123a0   0x000000c6   Code   RO         2797    CL$$btod_e2e        c_w.l(btod.o)
    0x00012466   0x00000028   Code   RO         2794    CL$$btod_ediv       c_w.l(btod.o)
    0x0001248e   0x00000028   Code   RO         2793    CL$$btod_emul       c_w.l(btod.o)
    0x000124b6   0x00000244   Code   RO         2799    CL$$btod_mult_common  c_w.l(btod.o)
    0x000126fa   0x00000002   PAD
    0x000126fc   0x000000a0   Code   RO          164    OSKernelschedular   os_cpu_a.o
    0x0001279c   0x00000028   Code   RO         2832    i.__ARM_fpclassify  m_ws.l(fpclassify.o)
    0x000127c4   0x0000000e   Code   RO         2678    i._is_digit         c_w.l(__printf_wp.o)
    0x000127d2   0x00000002   PAD
    0x000127d4   0x0000002c   Code   RO         2813    locale$$code        c_w.l(lc_ctype_c.o)
    0x00012800   0x0000002c   Code   RO         2816    locale$$code        c_w.l(lc_numeric_c.o)
    0x0001282c   0x00000018   Code   RO         2713    x$fpl$dcmpinf       fz_ws.l(dcmpi.o)
    0x00012844   0x0000002e   Code   RO         2567    x$fpl$dflt          fz_ws.l(dflt_clz.o)
    0x00012872   0x00000002   PAD
    0x00012874   0x00000078   Code   RO         2572    x$fpl$dleqf         fz_ws.l(dleqf.o)
    0x000128ec   0x0000009c   Code   RO         2715    x$fpl$dnaninf       fz_ws.l(dnaninf.o)
    0x00012988   0x0000000c   Code   RO         2717    x$fpl$dretinf       fz_ws.l(dretinf.o)
    0x00012994   0x0000006c   Code   RO         2574    x$fpl$drleqf        fz_ws.l(drleqf.o)
    0x00012a00   0x00000056   Code   RO         2576    x$fpl$f2d           fz_ws.l(f2d.o)
    0x00012a56   0x00000002   PAD
    0x00012a58   0x000000c4   Code   RO         2578    x$fpl$fadd          fz_ws.l(faddsub_clz.o)
    0x00012b1c   0x00000018   Code   RO         2719    x$fpl$fcmpinf       fz_ws.l(fcmpi.o)
    0x00012b34   0x00000184   Code   RO         2585    x$fpl$fdiv          fz_ws.l(fdiv.o)
    0x00012cb8   0x00000068   Code   RO         2588    x$fpl$feqf          fz_ws.l(feqf.o)
    0x00012d20   0x00000036   Code   RO         2590    x$fpl$ffix          fz_ws.l(ffix.o)
    0x00012d56   0x00000002   PAD
    0x00012d58   0x0000003e   Code   RO         2594    x$fpl$ffixu         fz_ws.l(ffixu.o)
    0x00012d96   0x00000002   PAD
    0x00012d98   0x00000030   Code   RO         2599    x$fpl$fflt          fz_ws.l(fflt_clz.o)
    0x00012dc8   0x00000026   Code   RO         2598    x$fpl$ffltu         fz_ws.l(fflt_clz.o)
    0x00012dee   0x00000002   PAD
    0x00012df0   0x00000068   Code   RO         2604    x$fpl$fleqf         fz_ws.l(fleqf.o)
    0x00012e58   0x00000102   Code   RO         2606    x$fpl$fmul          fz_ws.l(fmul.o)
    0x00012f5a   0x0000008c   Code   RO         2721    x$fpl$fnaninf       fz_ws.l(fnaninf.o)
    0x00012fe6   0x0000000a   Code   RO         2723    x$fpl$fretinf       fz_ws.l(fretinf.o)
    0x00012ff0   0x00000062   Code   RO         2608    x$fpl$frleqf        fz_ws.l(frleqf.o)
    0x00013052   0x00000002   PAD
    0x00013054   0x000000ea   Code   RO         2580    x$fpl$fsub          fz_ws.l(faddsub_clz.o)
    0x0001313e   0x00000004   Code   RO         2725    x$fpl$printf1       fz_ws.l(printf1.o)
    0x00013142   0x00000004   Code   RO         2727    x$fpl$printf2       fz_ws.l(printf2.o)
    0x00013146   0x00000100   Data   RO            3    .constdata          os_core.o
    0x00013246   0x00000002   PAD
    0x00013248   0x00000072   Data   RO          146    .constdata          os_dbg.o
    0x000132ba   0x00000002   PAD
    0x000132bc   0x0000003c   Data   RO         1178    .constdata          gpio_app.o
    0x000132f8   0x00000220   Data   RO         1466    .constdata          crccheck.o
    0x00013518   0x00000009   Data   RO         1608    .constdata          dipcomoperate.o
    0x00013521   0x00000001   PAD
    0x00013522   0x00000570   Data   RO         1789    .constdata          dip_hig.o
    0x00013a92   0x00000002   PAD
    0x00013a94   0x00000030   Data   RO         1909    .constdata          led.o
    0x00013ac4   0x00000008   Data   RO         2637    .constdata          c_w.l(_printf_wctomb.o)
    0x00013acc   0x00000028   Data   RO         2666    .constdata          c_w.l(_printf_hex_int_ll_ptr.o)
    0x00013af4   0x00000011   Data   RO         2686    .constdata          c_w.l(__printf_flags_ss_wp.o)
    0x00013b05   0x00000026   Data   RO         2763    .constdata          c_w.l(_printf_fp_hex.o)
    0x00013b2b   0x00000001   PAD
    0x00013b2c   0x00000094   Data   RO         2788    .constdata          c_w.l(bigflt0.o)
    0x00013bc0   0x0000005a   Data   RO          196    .conststring        app.o
    0x00013c1a   0x00000002   PAD
    0x00013c1c   0x0000016d   Data   RO         1609    .conststring        dipcomoperate.o
    0x00013d89   0x00000003   PAD
    0x00013d8c   0x00000040   Data   RO         2958    Region$$Table       anon$$obj.o
    0x00013dcc   0x00000110   Data   RO         2812    locale$$data        c_w.l(lc_ctype_c.o)
    0x00013edc   0x0000001c   Data   RO         2815    locale$$data        c_w.l(lc_numeric_c.o)


    Execution Region RW_IRAM1 (Base: 0x10000000, Size: 0x00003690, Max: 0x00008000, ABSOLUTE, COMPRESSED[0x00000148])

    Base Addr    Size         Type   Attr      Idx    E Section Name        Object

    0x10000000   0x00000004   Data   RW          197    .data               app.o
    0x10000004   0x00000004   Data   RW          386    .data               system_lpc17xx.o
    0x10000008   0x00000028   Data   RW          416    .data               debug_frmwrk.o
    0x10000030   0x0000000e   Data   RW         1205    .data               uart1.o
    0x1000003e   0x00000002   PAD
    0x10000040   0x0000000b   Data   RW         1352    .data               uart0.o
    0x1000004b   0x00000001   PAD
    0x1000004c   0x0000002c   Data   RW         1434    .data               softuart-t3.o
    0x10000078   0x00000200   Data   RW         1467    .data               crccheck.o
    0x10000278   0x00000020   Data   RW         1520    .data               globepara.o
    0x10000298   0x00000058   Data   RW         1546    .data               getdipprs.o
    0x100002f0   0x00000014   Data   RW         1675    .data               tax2.o
    0x10000304   0x00000002   Data   RW         1706    .data               csnr.o
    0x10000306   0x00000004   Data   RW         1817    .data               framstore.o
    0x1000030a   0x00000002   PAD
    0x1000030c   0x00000008   Data   RW         2100    .data               storerec.o
    0x10000314   0x00000026   Data   RW         2192    .data               card.o
    0x1000033a   0x00000002   PAD
    0x1000033c   0x0000000e   Data   RW         2265    .data               operatecard.o
    0x1000034a   0x00000002   PAD
    0x1000034c   0x00000038   Data   RW         2377    .data               equimentcom.o
    0x10000384   0x00000020   Data   RW         2487    .data               mstcsspeed.o
    0x100003a4   0x00000008   Data   RW         2515    .data               locoworksta.o
    0x100003ac   0x00000200   Zero   RW          169    .bss                os_cpu_c.o
    0x100005ac   0x00000218   Zero   RW         1324    .bss                uart0002.o
    0x100007c4   0x0000030c   Zero   RW         1351    .bss                uart0.o
    0x10000ad0   0x00000248   Zero   RW         1674    .bss                tax2.o
    0x10000d18   0x00002974   Zero   RW         2319    .bss                cardtest.o
    0x1000368c   0x00000004   PAD
    0x10003690   0x00000000   Zero   RW          373    HEAP                startup_lpc17xx.o


    Execution Region RW_IRAM2 (Base: 0x2007c000, Size: 0x00003690, Max: 0x00008000, ABSOLUTE, COMPRESSED[0x000001d8])

    Base Addr    Size         Type   Attr      Idx    E Section Name        Object

    0x2007c000   0x00000060   Data   RW            4    .data               os_core.o
    0x2007c060   0x00000006   Data   RW          170    .data               os_cpu_c.o
    0x2007c066   0x00000001   Data   RW         1136    .data               mx25l1602drv.o
    0x2007c067   0x00000001   PAD
    0x2007c068   0x0000000e   Data   RW         1237    .data               uart2.o
    0x2007c076   0x00000002   PAD
    0x2007c078   0x00000014   Data   RW         1269    .data               uart3.o
    0x2007c08c   0x00000024   Data   RW         1297    .data               uart0001.o
    0x2007c0b0   0x00000004   Data   RW         1325    .data               uart0002.o
    0x2007c0b4   0x0000000d   Data   RW         1380    .data               adc.o
    0x2007c0c1   0x00000003   PAD
    0x2007c0c4   0x0000002c   Data   RW         1610    .data               dipcomoperate.o
    0x2007c0f0   0x00000020   Data   RW         1639    .data               tmp.o
    0x2007c110   0x00000014   Data   RW         1734    .data               hdlc.o
    0x2007c124   0x00000008   Data   RW         1761    .data               com-csnr.o
    0x2007c12c   0x00000080   Data   RW         1848    .data               display.o
    0x2007c1ac   0x00000004   Data   RW         1879    .data               ds3231.o
    0x2007c1b0   0x000000c8   Data   RW         1910    .data               led.o
    0x2007c278   0x00000322   Data   RW         2072    .data               dealoilbox.o
    0x2007c59a   0x00000002   PAD
    0x2007c59c   0x00000056   Data   RW         2127    .data               mathdipval.o
    0x2007c5f2   0x00000001   Data   RW         2224    .data               datacard.o
    0x2007c5f3   0x00000001   PAD
    0x2007c5f4   0x00000008   Data   RW         2348    .data               equimentoperate.o
    0x2007c5fc   0x00000034   Data   RW         2431    .data               speed1.o
    0x2007c630   0x00000028   Data   RW         2459    .data               speed2.o
    0x2007c658   0x00001368   Zero   RW            2    .bss                os_core.o
    0x2007d9c0   0x0000030c   Zero   RW         1204    .bss                uart1.o
    0x2007dccc   0x0000030c   Zero   RW         1236    .bss                uart2.o
    0x2007dfd8   0x0000040c   Zero   RW         1268    .bss                uart3.o
    0x2007e3e4   0x00000240   Zero   RW         1296    .bss                uart0001.o
    0x2007e624   0x0000030c   Zero   RW         1433    .bss                softuart-t3.o
    0x2007e930   0x00000390   Zero   RW         1847    .bss                display.o
    0x2007ecc0   0x00000214   Zero   RW         2015    .bss                flgmanager.o
    0x2007eed4   0x00000558   Zero   RW         2126    .bss                mathdipval.o
    0x2007f42c   0x00000060   Zero   RW         2735    .bss                c_w.l(libspace.o)
    0x2007f48c   0x00000004   PAD
    0x2007f490   0x00000200   Zero   RW          372    STACK               startup_lpc17xx.o


==============================================================================

Image component sizes


      Code (inc. data)   RO Data    RW Data    ZI Data      Debug   Object Name

       252         30          0         13          0       1404   adc.o
       304         32         90          4          0      53120   app.o
        16          0          0          0          0       1254   app_hooks.o
      2640         74          0         38          0      12326   card.o
         0          0          0          0      10612       3833   cardtest.o
       328         30          0          8          0       2329   com-csnr.o
       232         18        544        512          0       2458   crccheck.o
       576         10          0          2          0       2433   csnr.o
      1284        140          0          1          0       6109   datacard.o
       692         52          0        802          0       6152   dealoilbox.o
      1200         74          0         40          0       5652   debug_frmwrk.o
       120          6       1392          0          0       1405   dip_hig.o
      3692        692        374         44          0       7060   dipcomoperate.o
      1516         58          0        128        912       7000   display.o
       796        112          0          4          0       3527   ds3231.o
      1548        278          0         56          0       6031   equimentcom.o
      1420        396          0          8          0       3732   equimentoperate.o
       342          0          0          0          0       3298   fifo.o
       104         10          0          0        532       1341   flgmanager.o
       244          0          0          0          0       2043   fram.o
      3136        766          0          4          0      10861   framstore.o
      2036        160          0         88          0       9005   getdipprs.o
         0          0          0         32          0        628   globepara.o
       312          6         60          0          0       2030   gpio_app.o
        68         10          0          0          0      27131   gpio_test.o
       788         40          0         20          0       3451   hdlc.o
       406          0          0          0          0       2412   iic.o
       712         18         48        200          0       2947   led.o
       292          8          0          8          0       1932   locoworksta.o
       824         36          0          0          0       8616   lpc17xx_adc.o
       320         22          0          0          0       1795   lpc17xx_clkpwr.o
      1036         28          0          0          0       8935   lpc17xx_gpio.o
         4          0          0          0          0        763   lpc17xx_libcfg_default.o
       256          4          0          0          0       2221   lpc17xx_pinsel.o
      1716         50          0          0          0       6416   lpc17xx_ssp.o
       384         38          0          0          0       1604   lpc17xx_systick.o
      1632         58          0          0          0       5523   lpc17xx_timer.o
      3664         94          0          0          0      19861   lpc17xx_uart.o
       560         42          0          0          0       2063   lpc17xx_wdt.o
      2564        242          0         86       1368       8379   mathdipval.o
       144         22          0         32          0       2011   mstcsspeed.o
      1476         34          0          1          0       8152   mx25l1602drv.o
      1292        178          0         14          0       3442   operatecard.o
      3312        278        256         96       4968      21355   os_core.o
       160         28          0          0          0        380   os_cpu_a.o
       400         30          0          6        512      12334   os_cpu_c.o
       348        230        114          0          0      11996   os_dbg.o
      2060         42          0          0          0      15663   os_flag.o
       484         16          0          0          0       3256   os_mem.o
      1536         36          0          0          0       5757   os_q.o
       932         22          0          0          0       4034   os_sem.o
      2088         68          0          0          0       7881   os_task.o
       432         30          0          0          0       1830   os_time.o
      1648        134          0          0          0       5725   os_tmr.o
      1182         92          0          0          0       4872   paracard.o
       310          0          0          0          0       2348   softspi_17xx.o
       968         96          0         44        780      31129   softuart-t3.o
       428         46          0         52          0       3069   speed1.o
       352         46          0         40          0       2358   speed2.o
        64         26        204          0        512        948   startup_lpc17xx.o
       612         48          0          8          0       2485   storerec.o
       432        106          0          0          0       1934   storespeed.o
       652         34          0          4          0       2181   system_lpc17xx.o
       648         46          0         20        584       4958   tax2.o
       636        102          0          0          0       1674   timer.o
      1952        314          0         32          0       5833   tmp.o
       664         50          0         11        780       4143   uart0.o
      1760        162          0         36        576       6045   uart0001.o
       352         46          0          4        536       2158   uart0002.o
       976         60          0         14        780      31386   uart1.o
       828         60          0         14        780      31006   uart2.o
       948         70          0         20       1036       4880   uart3.o
        40          6          0          0          0        704   watchdog.o

    ----------------------------------------------------------------------
     68138       6192       3158       2564      25272     507007   Object Totals
         0          0         64          0          0          0   (incl. Generated)
         6          0         12         18          4          0   (incl. Padding)

    ----------------------------------------------------------------------

      Code (inc. data)   RO Data    RW Data    ZI Data      Debug   Library Member Name

        90          0          0          0          0          0   __dczerorl2.o
         8          0          0          0          0         68   __main.o
       392          4         17          0          0         92   __printf_flags_ss_wp.o
        14          0          0          0          0         68   __printf_wp.o
         0          0          0          0          0          0   __rtentry.o
        12          0          0          0          0          0   __rtentry2.o
         6          0          0          0          0          0   __rtentry4.o
        52          8          0          0          0          0   __scatter.o
        28          0          0          0          0          0   __scatter_zi.o
         6          0          0          0          0          0   _printf_a.o
         6          0          0          0          0          0   _printf_c.o
        44          0          0          0          0        108   _printf_char.o
        48          6          0          0          0         96   _printf_char_common.o
        40          0          0          0          0         68   _printf_charcount.o
         6          0          0          0          0          0   _printf_d.o
       120         16          0          0          0         92   _printf_dec.o
         6          0          0          0          0          0   _printf_e.o
         6          0          0          0          0          0   _printf_f.o
      1050          0          0          0          0        216   _printf_fp_dec.o
       764          8         38          0          0        100   _printf_fp_hex.o
       128         16          0          0          0         84   _printf_fp_infnan.o
         6          0          0          0          0          0   _printf_g.o
       148          4         40          0          0        160   _printf_hex_int_ll_ptr.o
         6          0          0          0          0          0   _printf_i.o
       178          0          0          0          0         88   _printf_intcommon.o
        10          0          0          0          0          0   _printf_l.o
         6          0          0          0          0          0   _printf_lc.o
        10          0          0          0          0          0   _printf_ll.o
         6          0          0          0          0          0   _printf_lld.o
         6          0          0          0          0          0   _printf_lli.o
         6          0          0          0          0          0   _printf_llo.o
         6          0          0          0          0          0   _printf_llu.o
         6          0          0          0          0          0   _printf_llx.o
       124         16          0          0          0         92   _printf_longlong_dec.o
         6          0          0          0          0          0   _printf_ls.o
         6          0          0          0          0          0   _printf_n.o
         6          0          0          0          0          0   _printf_o.o
       112         10          0          0          0        124   _printf_oct_int_ll.o
         6          0          0          0          0          0   _printf_p.o
        78          0          0          0          0        108   _printf_pad.o
         0          0          0          0          0          0   _printf_percent.o
         4          0          0          0          0          0   _printf_percent_end.o
         6          0          0          0          0          0   _printf_s.o
        82          0          0          0          0         80   _printf_str.o
        36          0          0          0          0         84   _printf_truncate.o
         6          0          0          0          0          0   _printf_u.o
        44          0          0          0          0        108   _printf_wchar.o
       188          6          8          0          0         92   _printf_wctomb.o
         6          0          0          0          0          0   _printf_x.o
        10          0          0          0          0         68   _sputc.o
        64          0          0          0          0         92   _wcrtomb.o
       220          4        148          0          0         96   bigflt0.o
      1910        128          0          0          0        672   btod.o
        18          0          0          0          0         80   exit.o
         6          0          0          0          0        152   heapauxi.o
         0          0          0          0          0          0   indicate_semi.o
        44         10        272          0          0         76   lc_ctype_c.o
        44         10         28          0          0         76   lc_numeric_c.o
         2          0          0          0          0          0   libinit.o
        30          0          0          0          0          0   libinit2.o
         2          0          0          0          0          0   libshutdown.o
         2          0          0          0          0          0   libshutdown2.o
         8          4          0          0         96         68   libspace.o
       138          0          0          0          0         80   lludiv10.o
       238          0          0          0          0        100   lludivv7m.o
        88          0          0          0          0         76   memcmp.o
        16          4          0          0          0         76   rt_ctype_table.o
         8          4          0          0          0         68   rt_locale_intlibspace.o
        78          0          0          0          0         80   rt_memclr_w.o
       138          0          0          0          0         68   rt_memcpy_v6.o
       100          0          0          0          0         80   rt_memcpy_w.o
         2          0          0          0          0          0   rtexit.o
        10          0          0          0          0          0   rtexit2.o
       128          0          0          0          0         68   strcmpv7m.o
        62          0          0          0          0         76   strlen.o
        12          4          0          0          0         68   sys_exit.o
        74          0          0          0          0         80   sys_stackheap_outer.o
         2          0          0          0          0         68   use_no_semi.o
        36          4          0          0          0         76   vsprintf.o
        24          0          0          0          0         68   dcmpi.o
        46          0          0          0          0         68   dflt_clz.o
       120          4          0          0          0         92   dleqf.o
       156          4          0          0          0         92   dnaninf.o
        12          0          0          0          0         68   dretinf.o
       108          0          0          0          0         80   drleqf.o
        86          4          0          0          0         84   f2d.o
       430          8          0          0          0        168   faddsub_clz.o
        24          0          0          0          0         68   fcmpi.o
       388         76          0          0          0         96   fdiv.o
       104          4          0          0          0         84   feqf.o
        54          4          0          0          0         84   ffix.o
        62          4          0          0          0         84   ffixu.o
        86          0          0          0          0        136   fflt_clz.o
       104          4          0          0          0         84   fleqf.o
       258          4          0          0          0         84   fmul.o
       140          4          0          0          0         84   fnaninf.o
        10          0          0          0          0         68   fretinf.o
        98          0          0          0          0         68   frleqf.o
         4          0          0          0          0         68   printf1.o
         4          0          0          0          0         68   printf2.o
         0          0          0          0          0          0   usenofp.o
        40          0          0          0          0         68   fpclassify.o

    ----------------------------------------------------------------------
      9808        386        552          0        100       6236   Library Totals
        30          0          1          0          4          0   (incl. Padding)

    ----------------------------------------------------------------------

      Code (inc. data)   RO Data    RW Data    ZI Data      Debug   Library Name

      7420        266        551          0         96       4372   c_w.l
      2318        120          0          0          0       1796   fz_ws.l
        40          0          0          0          0         68   m_ws.l

    ----------------------------------------------------------------------
      9808        386        552          0        100       6236   Library Totals

    ----------------------------------------------------------------------

==============================================================================


      Code (inc. data)   RO Data    RW Data    ZI Data      Debug   

     77946       6578       3710       2564      25372     502423   Grand Totals
     77946       6578       3710        800      25372     502423   ELF Image Totals (compressed)
     77946       6578       3710        800          0          0   ROM Totals

==============================================================================

    Total RO  Size (Code + RO Data)                81656 (  79.74kB)
    Total RW  Size (RW Data + ZI Data)             27936 (  27.28kB)
    Total ROM Size (Code + RO Data + RW Data)      82456 (  80.52kB)

==============================================================================

